[www.radixtouch.com/templates/admin/atrio/source/lighthr/index.html]
[backblue.gif]
[fade.gif]
[index.html]
[www.radixtouch.com/templates/admin/atrio/source/lighthr/assets/images/favicon.ico]
[www.radixtouch.com/templates/admin/atrio/source/lighthr/assets/css/app.min.css]
[www.radixtouch.com/templates/admin/atrio/source/lighthr/assets/css/style.css]
[www.radixtouch.com/templates/admin/atrio/source/lighthr/assets/css/styles/all-themes.css]
[www.radixtouch.com/templates/admin/atrio/source/lighthr/assets/images/loading.png]
[www.radixtouch.com/templates/admin/atrio/source/lighthr/assets/images/logo.png]
[www.radixtouch.com/templates/admin/atrio/source/lighthr/assets/images/user/user1.jpg]
[www.radixtouch.com/templates/admin/atrio/source/lighthr/assets/images/user/user2.jpg]
[www.radixtouch.com/templates/admin/atrio/source/lighthr/assets/images/user/user3.jpg]
[www.radixtouch.com/templates/admin/atrio/source/lighthr/assets/images/user/user4.jpg]
[www.radixtouch.com/templates/admin/atrio/source/lighthr/assets/images/user/user5.jpg]
[www.radixtouch.com/templates/admin/atrio/source/lighthr/assets/images/user/user6.jpg]
[www.radixtouch.com/templates/admin/atrio/source/lighthr/assets/images/user/user7.jpg]
[www.radixtouch.com/templates/admin/atrio/source/lighthr/assets/images/user.jpg]
[www.radixtouch.com/templates/admin/atrio/source/lighthr/assets/images/usrbig.jpg]
[www.radixtouch.com/templates/admin/atrio/source/lighthr/pages/dashboard/dashboard2.html]
[www.radixtouch.com/templates/admin/atrio/source/lighthr/pages/employee/all-employees.html]
[www.radixtouch.com/templates/admin/atrio/source/lighthr/pages/employee/add-employee.html]
[www.radixtouch.com/templates/admin/atrio/source/lighthr/pages/employee/edit-employee.html]
[www.radixtouch.com/templates/admin/atrio/source/lighthr/pages/projects/all-projects.html]
[www.radixtouch.com/templates/admin/atrio/source/lighthr/pages/projects/add-project.html]
[www.radixtouch.com/templates/admin/atrio/source/lighthr/pages/projects/edit-project.html]
[www.radixtouch.com/templates/admin/atrio/source/lighthr/pages/attendance/today-attend.html]
[www.radixtouch.com/templates/admin/atrio/source/lighthr/pages/attendance/emp-attend.html]
[www.radixtouch.com/templates/admin/atrio/source/lighthr/pages/clients/all-clients.html]
[www.radixtouch.com/templates/admin/atrio/source/lighthr/pages/clients/add-client.html]
[www.radixtouch.com/templates/admin/atrio/source/lighthr/pages/clients/edit-client.html]
[www.radixtouch.com/templates/admin/atrio/source/lighthr/pages/leave/all-leave.html]
[www.radixtouch.com/templates/admin/atrio/source/lighthr/pages/leave/leave-balance.html]
[www.radixtouch.com/templates/admin/atrio/source/lighthr/pages/leave/add-leave.html]
[www.radixtouch.com/templates/admin/atrio/source/lighthr/pages/leave/edit-leave.html]
[www.radixtouch.com/templates/admin/atrio/source/lighthr/pages/leave/leave-type.html]
[www.radixtouch.com/templates/admin/atrio/source/lighthr/pages/holiday/all-holidays.html]
[www.radixtouch.com/templates/admin/atrio/source/lighthr/pages/holiday/add-holiday.html]
[www.radixtouch.com/templates/admin/atrio/source/lighthr/pages/holiday/edit-holiday.html]
[www.radixtouch.com/templates/admin/atrio/source/lighthr/pages/accounts/income.html]
[www.radixtouch.com/templates/admin/atrio/source/lighthr/pages/accounts/expense.html]
[www.radixtouch.com/templates/admin/atrio/source/lighthr/pages/accounts/invoice.html]
[www.radixtouch.com/templates/admin/atrio/source/lighthr/pages/departments/all-departments.html]
[www.radixtouch.com/templates/admin/atrio/source/lighthr/pages/departments/add-department.html]
[www.radixtouch.com/templates/admin/atrio/source/lighthr/pages/departments/edit-department.html]
[www.radixtouch.com/templates/admin/atrio/source/lighthr/pages/payroll/payslip.html]
[www.radixtouch.com/templates/admin/atrio/source/lighthr/pages/payroll/employee-salary.html]
[www.radixtouch.com/templates/admin/atrio/source/lighthr/pages/job/add-job.html]
[www.radixtouch.com/templates/admin/atrio/source/lighthr/pages/job/requirement-list.html]
[www.radixtouch.com/templates/admin/atrio/source/lighthr/pages/job/applicant-list.html]
[www.radixtouch.com/templates/admin/atrio/source/lighthr/pages/consultancy/all-consultancy.html]
[www.radixtouch.com/templates/admin/atrio/source/lighthr/pages/consultancy/add-consultancy.html]
[www.radixtouch.com/templates/admin/atrio/source/lighthr/pages/consultancy/edit-consultancy.html]
[www.radixtouch.com/templates/admin/atrio/source/lighthr/pages/widgets/chart-widget.html]
[www.radixtouch.com/templates/admin/atrio/source/lighthr/pages/widgets/data-widget.html]
[www.radixtouch.com/templates/admin/atrio/source/lighthr/pages/ui/alerts.html]
[www.radixtouch.com/templates/admin/atrio/source/lighthr/pages/ui/badges.html]
[www.radixtouch.com/templates/admin/atrio/source/lighthr/pages/ui/modal.html]
[www.radixtouch.com/templates/admin/atrio/source/lighthr/pages/ui/buttons.html]
[www.radixtouch.com/templates/admin/atrio/source/lighthr/pages/ui/collapse.html]
[www.radixtouch.com/templates/admin/atrio/source/lighthr/pages/ui/dialogs.html]
[www.radixtouch.com/templates/admin/atrio/source/lighthr/pages/ui/cards.html]
[www.radixtouch.com/templates/admin/atrio/source/lighthr/pages/ui/labels.html]
[www.radixtouch.com/templates/admin/atrio/source/lighthr/pages/ui/list-group.html]
[www.radixtouch.com/templates/admin/atrio/source/lighthr/pages/ui/notifications.html]
[www.radixtouch.com/templates/admin/atrio/source/lighthr/pages/ui/preloaders.html]
[www.radixtouch.com/templates/admin/atrio/source/lighthr/pages/ui/progressbars.html]
[www.radixtouch.com/templates/admin/atrio/source/lighthr/pages/ui/range-sliders.html]
[www.radixtouch.com/templates/admin/atrio/source/lighthr/pages/ui/tabs.html]
[www.radixtouch.com/templates/admin/atrio/source/lighthr/pages/ui/typography.html]
[www.radixtouch.com/templates/admin/atrio/source/lighthr/pages/ui/helper-classes.html]
[www.radixtouch.com/templates/admin/atrio/source/lighthr/pages/icons/material-icons.html]
[www.radixtouch.com/templates/admin/atrio/source/lighthr/pages/icons/font-awesome.html]
[www.radixtouch.com/templates/admin/atrio/source/lighthr/pages/icons/simple-line-icons.html]
[www.radixtouch.com/templates/admin/atrio/source/lighthr/pages/icons/themify.html]
[www.radixtouch.com/templates/admin/atrio/source/lighthr/pages/forms/basic-form-elements.html]
[www.radixtouch.com/templates/admin/atrio/source/lighthr/pages/forms/advanced-form-elements.html]
[www.radixtouch.com/templates/admin/atrio/source/lighthr/pages/forms/form-examples.html]
[www.radixtouch.com/templates/admin/atrio/source/lighthr/pages/forms/form-validation.html]
[www.radixtouch.com/templates/admin/atrio/source/lighthr/pages/forms/form-wizard.html]
[www.radixtouch.com/templates/admin/atrio/source/lighthr/pages/forms/editors.html]
[www.radixtouch.com/templates/admin/atrio/source/lighthr/pages/tables/normal-tables.html]
[www.radixtouch.com/templates/admin/atrio/source/lighthr/pages/tables/advance-tables.html]
[www.radixtouch.com/templates/admin/atrio/source/lighthr/pages/tables/export-table.html]
[www.radixtouch.com/templates/admin/atrio/source/lighthr/pages/tables/child-row-table.html]
[www.radixtouch.com/templates/admin/atrio/source/lighthr/pages/tables/group-table.html]
[www.radixtouch.com/templates/admin/atrio/source/lighthr/pages/email/inbox.html]
[www.radixtouch.com/templates/admin/atrio/source/lighthr/pages/email/compose.html]
[www.radixtouch.com/templates/admin/atrio/source/lighthr/pages/email/view-mail.html]
[www.radixtouch.com/templates/admin/atrio/source/lighthr/pages/apps/chat.html]
[www.radixtouch.com/templates/admin/atrio/source/lighthr/pages/apps/calendar.html]
[www.radixtouch.com/templates/admin/atrio/source/lighthr/pages/apps/task.html]
[www.radixtouch.com/templates/admin/atrio/source/lighthr/pages/apps/portfolio.html]
[www.radixtouch.com/templates/admin/atrio/source/lighthr/pages/apps/dragdrop.html]
[www.radixtouch.com/templates/admin/atrio/source/lighthr/pages/apps/contact_list.html]
[www.radixtouch.com/templates/admin/atrio/source/lighthr/pages/apps/contact_grid.html]
[www.radixtouch.com/templates/admin/atrio/source/lighthr/pages/apps/support.html]
[www.radixtouch.com/templates/admin/atrio/source/lighthr/pages/charts/amchart.html]
[www.radixtouch.com/templates/admin/atrio/source/lighthr/pages/charts/echart.html]
[www.radixtouch.com/templates/admin/atrio/source/lighthr/pages/charts/apexcharts.html]
[www.radixtouch.com/templates/admin/atrio/source/lighthr/pages/charts/morris.html]
[www.radixtouch.com/templates/admin/atrio/source/lighthr/pages/charts/chartjs.html]
[www.radixtouch.com/templates/admin/atrio/source/lighthr/pages/charts/sparkline.html]
[www.radixtouch.com/templates/admin/atrio/source/lighthr/pages/charts/jquery-knob.html]
[www.radixtouch.com/templates/admin/atrio/source/lighthr/pages/maps/google.html]
[www.radixtouch.com/templates/admin/atrio/source/lighthr/pages/maps/jqvmap.html]
[www.radixtouch.com/templates/admin/atrio/source/lighthr/pages/maps/datamap.html]
[www.radixtouch.com/templates/admin/atrio/source/lighthr/pages/timeline/horizontal-timeline.html]
[www.radixtouch.com/templates/admin/atrio/source/lighthr/pages/timeline/vertical-timeline.html]
[www.radixtouch.com/templates/admin/atrio/source/lighthr/pages/medias/image-gallery.html]
[www.radixtouch.com/templates/admin/atrio/source/lighthr/pages/medias/carousel.html]
[www.radixtouch.com/templates/admin/atrio/source/lighthr/pages/examples/login-register.html]
[www.radixtouch.com/templates/admin/atrio/source/lighthr/pages/examples/sign-in.html]
[www.radixtouch.com/templates/admin/atrio/source/lighthr/pages/examples/sign-up.html]
[www.radixtouch.com/templates/admin/atrio/source/lighthr/pages/examples/forgot-password.html]
[www.radixtouch.com/templates/admin/atrio/source/lighthr/pages/examples/locked.html]
[www.radixtouch.com/templates/admin/atrio/source/lighthr/pages/examples/404.html]
[www.radixtouch.com/templates/admin/atrio/source/lighthr/pages/examples/500.html]
[www.radixtouch.com/templates/admin/atrio/source/lighthr/pages/examples/profile.html]
[www.radixtouch.com/templates/admin/atrio/source/lighthr/pages/examples/pricing.html]
[www.radixtouch.com/templates/admin/atrio/source/lighthr/pages/examples/faqs.html]
[www.radixtouch.com/templates/admin/atrio/source/lighthr/pages/examples/blank.html]
[www.radixtouch.com/templates/admin/atrio/source/lighthr/assets/images/user/user8.jpg]
[www.radixtouch.com/templates/admin/atrio/source/lighthr/assets/images/user/user9.jpg]
[www.radixtouch.com/templates/admin/atrio/source/lighthr/assets/js/app.min.js]
[www.radixtouch.com/templates/admin/atrio/source/lighthr/assets/js/chart.min.js]
[www.radixtouch.com/templates/admin/atrio/source/lighthr/assets/js/admin.js]
[www.radixtouch.com/templates/admin/atrio/source/lighthr/assets/js/bundles/apexcharts/apexcharts.min.js]
[www.radixtouch.com/templates/admin/atrio/source/lighthr/assets/js/bundles/echart/echarts.js]
[www.radixtouch.com/templates/admin/atrio/source/lighthr/assets/js/pages/index.js]
[www.radixtouch.com/templates/admin/atrio/source/lighthr/index.html]
[www.radixtouch.com/templates/admin/atrio/source/lighthr/assets/js/pages/todo/todo.js]
[www.radixtouch.com/templates/admin/atrio/source/lighthr/assets/fonts/Simple-Line-Iconsb26c.eot]
[www.radixtouch.com/templates/admin/atrio/source/lighthr/assets/fonts/Simple-Line-Iconsb26c.woff2]
[www.radixtouch.com/templates/admin/atrio/source/lighthr/assets/fonts/Simple-Line-Iconsb26c.ttf]
[www.radixtouch.com/templates/admin/atrio/source/lighthr/assets/fonts/Simple-Line-Iconsb26c.woff]
[www.radixtouch.com/templates/admin/atrio/source/lighthr/assets/fonts/Simple-Line-Iconsb26c.svg]
[www.radixtouch.com/templates/admin/atrio/source/lighthr/assets/css/owl.video.play.png]
[www.radixtouch.com/templates/admin/atrio/source/lighthr/assets/css/app.min.css]
[www.radixtouch.com/templates/admin/atrio/source/lighthr/assets/fonts/themify-icons/themify-icons.css]
[www.radixtouch.com/templates/admin/atrio/source/lighthr/assets/fonts/simple-line-icons/css/simple-line-icons.css]
[www.radixtouch.com/templates/admin/atrio/source/lighthr/assets/fonts/Roboto/roboto-v27-latin-regular.eot]
[www.radixtouch.com/templates/admin/atrio/source/lighthr/assets/fonts/Roboto/roboto-v27-latin-regulard41d.eot]
[www.radixtouch.com/templates/admin/atrio/source/lighthr/assets/fonts/Roboto/roboto-v27-latin-regular.woff2]
[www.radixtouch.com/templates/admin/atrio/source/lighthr/assets/fonts/Roboto/roboto-v27-latin-regular.woff]
[www.radixtouch.com/templates/admin/atrio/source/lighthr/assets/fonts/Roboto/roboto-v27-latin-500.eot]
[www.radixtouch.com/templates/admin/atrio/source/lighthr/assets/fonts/Roboto/roboto-v27-latin-500d41d.eot]
[www.radixtouch.com/templates/admin/atrio/source/lighthr/assets/fonts/Roboto/roboto-v27-latin-500.woff2]
[www.radixtouch.com/templates/admin/atrio/source/lighthr/assets/fonts/Roboto/roboto-v27-latin-500.woff]
[www.radixtouch.com/templates/admin/atrio/source/lighthr/assets/fonts/Roboto/roboto-v27-latin-500.ttf]
[www.radixtouch.com/templates/admin/atrio/source/lighthr/assets/fonts/Roboto/roboto-v27-latin-500.svg]
[www.radixtouch.com/templates/admin/atrio/source/lighthr/assets/fonts/Roboto/roboto-v27-latin-700.eot]
[www.radixtouch.com/templates/admin/atrio/source/lighthr/assets/fonts/Roboto/roboto-v27-latin-700d41d.eot]
[www.radixtouch.com/templates/admin/atrio/source/lighthr/assets/fonts/Roboto/roboto-v27-latin-700.woff2]
[www.radixtouch.com/templates/admin/atrio/source/lighthr/assets/fonts/Roboto/roboto-v27-latin-700.woff]
[www.radixtouch.com/templates/admin/atrio/source/lighthr/assets/fonts/Roboto/roboto-v27-latin-700.ttf]
[www.radixtouch.com/templates/admin/atrio/source/lighthr/assets/fonts/Roboto/roboto-v27-latin-700.svg]
[www.radixtouch.com/templates/admin/atrio/source/lighthr/assets/fonts/iconfont/MaterialIcons-Regular.eot]
[www.radixtouch.com/templates/admin/atrio/source/lighthr/assets/fonts/iconfont/MaterialIcons-Regular.ttf]
[www.radixtouch.com/templates/admin/atrio/source/lighthr/assets/fonts/fontawesome/fa-regular-400.eot]
[www.radixtouch.com/templates/admin/atrio/source/lighthr/assets/fonts/fontawesome/fa-regular-400d41d.eot]
[www.radixtouch.com/templates/admin/atrio/source/lighthr/assets/fonts/fontawesome/fa-regular-400.woff2]
[www.radixtouch.com/templates/admin/atrio/source/lighthr/assets/fonts/fontawesome/fa-regular-400.woff]
[www.radixtouch.com/templates/admin/atrio/source/lighthr/assets/fonts/fontawesome/fa-regular-400.ttf]
[www.radixtouch.com/templates/admin/atrio/source/lighthr/assets/fonts/fontawesome/fa-regular-400.svg]
[www.radixtouch.com/templates/admin/atrio/source/lighthr/assets/fonts/fontawesome/fa-solid-900.eot]
[www.radixtouch.com/templates/admin/atrio/source/lighthr/assets/fonts/fontawesome/fa-solid-900d41d.eot]
[www.radixtouch.com/templates/admin/atrio/source/lighthr/assets/fonts/fontawesome/fa-solid-900.woff2]
[www.radixtouch.com/templates/admin/atrio/source/lighthr/assets/fonts/fontawesome/fa-solid-900.woff]
[www.radixtouch.com/templates/admin/atrio/source/lighthr/assets/fonts/fontawesome/fa-solid-900.ttf]
[www.radixtouch.com/templates/admin/atrio/source/lighthr/assets/fonts/fontawesome/fa-solid-900.svg]
[www.radixtouch.com/templates/admin/atrio/source/lighthr/assets/fonts/fontawesome/fa-brands-400.eot]
[www.radixtouch.com/templates/admin/atrio/source/lighthr/assets/fonts/fontawesome/fa-brands-400d41d.eot]
[www.radixtouch.com/templates/admin/atrio/source/lighthr/assets/fonts/fontawesome/fa-brands-400.woff2]
[www.radixtouch.com/templates/admin/atrio/source/lighthr/assets/fonts/fontawesome/fa-brands-400.woff]
[www.radixtouch.com/templates/admin/atrio/source/lighthr/assets/images/user-img-background.jpg]
[www.radixtouch.com/templates/admin/atrio/source/lighthr/assets/img/cd-arrow.svg]
[www.radixtouch.com/templates/admin/atrio/source/lighthr/assets/images/details_open.png]
[www.radixtouch.com/templates/admin/atrio/source/lighthr/assets/images/details_close.png]
[www.radixtouch.com/templates/admin/atrio/source/lighthr/assets/css/style.css]
[www.radixtouch.com/templates/admin/atrio/source/lighthr/assets/css/styles/all-themes.css]
[www.radixtouch.com/templates/admin/atrio/source/lighthr/pages/dashboard/index.html]
[www.radixtouch.com/templates/admin/atrio/source/lighthr/assets/js/pages/dashboard/dashboard2.js]
[www.radixtouch.com/templates/admin/atrio/source/lighthr/pages/dashboard/dashboard2.html]
[www.radixtouch.com/cdn-cgi/scripts/5c5dd728/cloudflare-static/email-decode.min.js]
[www.radixtouch.com/templates/admin/atrio/source/lighthr/assets/js/table.min.js]
[www.radixtouch.com/templates/admin/atrio/source/lighthr/assets/js/pages/tables/jquery-datatable.js]
[www.radixtouch.com/templates/admin/atrio/source/lighthr/pages/employee/all-employees.html]
[www.radixtouch.com/templates/admin/atrio/source/lighthr/assets/css/form.min.css]
[www.radixtouch.com/templates/admin/atrio/source/lighthr/assets/js/form.min.js]
[www.radixtouch.com/templates/admin/atrio/source/lighthr/assets/js/pages/forms/form-data.js]
[www.radixtouch.com/templates/admin/atrio/source/lighthr/pages/employee/add-employee.html]
[www.radixtouch.com/templates/admin/atrio/source/lighthr/pages/employee/edit-employee.html]
[www.radixtouch.com/templates/admin/atrio/source/lighthr/pages/projects/all-projects.html]
[www.radixtouch.com/templates/admin/atrio/source/lighthr/assets/js/bundles/ckeditor/ckeditor.js]
[www.radixtouch.com/templates/admin/atrio/source/lighthr/assets/js/pages/forms/flatpicker-data.js]
[www.radixtouch.com/templates/admin/atrio/source/lighthr/pages/projects/add-project.html]
[www.radixtouch.com/templates/admin/atrio/source/lighthr/pages/projects/edit-project.html]
[www.radixtouch.com/templates/admin/atrio/source/lighthr/assets/js/pages/forms/ckeditor.js]
[www.radixtouch.com/templates/admin/atrio/source/lighthr/pages/attendance/edit-leave.html]
[www.radixtouch.com/templates/admin/atrio/source/lighthr/pages/attendance/today-attend.html]
[www.radixtouch.com/templates/admin/atrio/source/lighthr/assets/js/bundles/amcharts4/core.js]
[www.radixtouch.com/templates/admin/atrio/source/lighthr/assets/js/bundles/amcharts4/charts.js]
[www.radixtouch.com/templates/admin/atrio/source/lighthr/assets/js/bundles/amcharts4/animated.js]
[www.radixtouch.com/templates/admin/atrio/source/lighthr/assets/js/pages/attendance/attendance-data.js]
[www.radixtouch.com/templates/admin/atrio/source/lighthr/pages/attendance/emp-attend.html]
[www.radixtouch.com/templates/admin/atrio/source/lighthr/pages/clients/all-clients.html]
[www.radixtouch.com/templates/admin/atrio/source/lighthr/pages/clients/add-client.html]
[www.radixtouch.com/templates/admin/atrio/source/lighthr/pages/clients/edit-client.html]
[www.radixtouch.com/templates/admin/atrio/source/lighthr/pages/leave/all-leave.html]
[www.radixtouch.com/templates/admin/atrio/source/lighthr/pages/leave/leave-balance.html]
[www.radixtouch.com/templates/admin/atrio/source/lighthr/pages/leave/add-leave.html]
[www.radixtouch.com/templates/admin/atrio/source/lighthr/pages/leave/edit-leave.html]
[www.radixtouch.com/templates/admin/atrio/source/lighthr/pages/leave/leave-type.html]
[www.radixtouch.com/templates/admin/atrio/source/lighthr/pages/holiday/all-holidays.html]
[www.radixtouch.com/templates/admin/atrio/source/lighthr/pages/holiday/add-holiday.html]
[www.radixtouch.com/templates/admin/atrio/source/lighthr/pages/holiday/edit-holiday.html]
[www.radixtouch.com/templates/admin/atrio/source/lighthr/pages/accounts/income.html]
[www.radixtouch.com/templates/admin/atrio/source/lighthr/pages/accounts/expense.html]
[www.radixtouch.com/templates/admin/atrio/source/lighthr/assets/images/test.pdf]
[www.radixtouch.com/templates/admin/atrio/source/lighthr/pages/accounts/invoice.html]
[www.radixtouch.com/templates/admin/atrio/source/lighthr/pages/departments/all-departments.html]
[www.radixtouch.com/templates/admin/atrio/source/lighthr/pages/departments/add-department.html]
[www.radixtouch.com/templates/admin/atrio/source/lighthr/pages/departments/edit-department.html]
[www.radixtouch.com/templates/admin/atrio/source/lighthr/assets/images/invoice_logo.png]
[www.radixtouch.com/templates/admin/atrio/source/lighthr/pages/payroll/payslip.html]
[www.radixtouch.com/templates/admin/atrio/source/lighthr/pages/payroll/employee-salary.html]
[www.radixtouch.com/templates/admin/atrio/source/lighthr/pages/job/add-job.html]
[www.radixtouch.com/templates/admin/atrio/source/lighthr/pages/job/edit-leave.html]
[www.radixtouch.com/templates/admin/atrio/source/lighthr/pages/job/requirement-list.html]
[www.radixtouch.com/templates/admin/atrio/source/lighthr/pages/job/applicant-list.html]
[www.radixtouch.com/templates/admin/atrio/source/lighthr/pages/consultancy/all-consultancy.html]
[www.radixtouch.com/templates/admin/atrio/source/lighthr/pages/consultancy/add-consultancy.html]
[www.radixtouch.com/templates/admin/atrio/source/lighthr/pages/consultancy/edit-consultancy.html]
[www.radixtouch.com/templates/admin/atrio/source/lighthr/assets/js/pages/charts/jquery-knob.js]
[www.radixtouch.com/templates/admin/atrio/source/lighthr/assets/js/pages/widgets/chart-widget.js]
[www.radixtouch.com/templates/admin/atrio/source/lighthr/pages/widgets/chart-widget.html]
[www.radixtouch.com/templates/admin/atrio/source/lighthr/assets/images/image-gallery/1.jpg]
[www.radixtouch.com/templates/admin/atrio/source/lighthr/assets/images/image-gallery/2.jpg]
[www.radixtouch.com/templates/admin/atrio/source/lighthr/assets/images/image-gallery/3.jpg]
[www.radixtouch.com/templates/admin/atrio/source/lighthr/assets/images/image-gallery/4.jpg]
[www.radixtouch.com/templates/admin/atrio/source/lighthr/assets/images/image-gallery/5.jpg]
[www.radixtouch.com/templates/admin/atrio/source/lighthr/assets/images/user/usrbig6.jpg]
[www.radixtouch.com/templates/admin/atrio/source/lighthr/assets/images/user/usrbig1.jpg]
[www.radixtouch.com/templates/admin/atrio/source/lighthr/assets/images/posts/post1.jpg]
[www.radixtouch.com/templates/admin/atrio/source/lighthr/assets/images/posts/post2.jpg]
[www.radixtouch.com/templates/admin/atrio/source/lighthr/assets/images/posts/post3.jpg]
[www.radixtouch.com/templates/admin/atrio/source/lighthr/assets/js/pages/medias/carousel.js]
[www.radixtouch.com/templates/admin/atrio/source/lighthr/assets/js/pages/widgets/data-widget.js]
[www.radixtouch.com/templates/admin/atrio/source/lighthr/pages/widgets/data-widget.html]
[www.radixtouch.com/templates/admin/atrio/source/lighthr/pages/ui/alerts.html]
[www.radixtouch.com/templates/admin/atrio/source/lighthr/pages/ui/badges.html]
[www.radixtouch.com/templates/admin/atrio/source/lighthr/pages/ui/modal.html]
[www.radixtouch.com/templates/admin/atrio/source/lighthr/pages/ui/buttons.html]
[www.radixtouch.com/templates/admin/atrio/source/lighthr/pages/ui/collapse.html]
[www.radixtouch.com/templates/admin/atrio/source/lighthr/assets/js/pages/ui/collapse.js]
[www.radixtouch.com/templates/admin/atrio/source/lighthr/assets/js/pages/ui/dialogs.js]
[www.radixtouch.com/templates/admin/atrio/source/lighthr/pages/ui/dialogs.html]
[www.radixtouch.com/templates/admin/atrio/source/lighthr/assets/js/pages/cards/basic.js]
[www.radixtouch.com/templates/admin/atrio/source/lighthr/pages/ui/cards.html]
[www.radixtouch.com/templates/admin/atrio/source/lighthr/pages/ui/labels.html]
[www.radixtouch.com/templates/admin/atrio/source/lighthr/pages/ui/list-group.html]
[www.radixtouch.com/templates/admin/atrio/source/lighthr/assets/js/pages/ui/notifications.js]
[www.radixtouch.com/templates/admin/atrio/source/lighthr/pages/ui/notifications.html]
[www.radixtouch.com/templates/admin/atrio/source/lighthr/pages/ui/preloaders.html]
[www.radixtouch.com/templates/admin/atrio/source/lighthr/pages/ui/progressbars.html]
[www.radixtouch.com/templates/admin/atrio/source/lighthr/assets/js/bundles/rangeSlider/css/ion.rangeSlider.css]
[www.radixtouch.com/templates/admin/atrio/source/lighthr/assets/js/bundles/rangeSlider/css/ion.rangeSlider.skinFlat.css]
[www.radixtouch.com/templates/admin/atrio/source/lighthr/assets/js/bundles/rangeSlider/js/ion.rangeSlider.js]
[www.radixtouch.com/templates/admin/atrio/source/lighthr/assets/js/pages/ui/range-sliders.js]
[www.radixtouch.com/templates/admin/atrio/source/lighthr/pages/ui/range-sliders.html]
[www.radixtouch.com/templates/admin/atrio/source/lighthr/pages/ui/tabs.html]
[www.radixtouch.com/templates/admin/atrio/source/lighthr/pages/ui/typography.html]
[www.radixtouch.com/templates/admin/atrio/source/lighthr/pages/ui/helper-classes.html]
[www.radixtouch.com/templates/admin/atrio/source/lighthr/pages/icons/material-icons.html]
[www.radixtouch.com/templates/admin/atrio/source/lighthr/pages/icons/font-awesome.html]
[www.radixtouch.com/templates/admin/atrio/source/lighthr/pages/icons/simple-line-icons.html]
[www.radixtouch.com/templates/admin/atrio/source/lighthr/pages/icons/themify.html]
[www.radixtouch.com/templates/admin/atrio/source/lighthr/assets/js/pages/forms/basic-form-elements.js]
[www.radixtouch.com/templates/admin/atrio/source/lighthr/pages/forms/basic-form-elements.html]
[www.radixtouch.com/templates/admin/atrio/source/lighthr/assets/js/bundles/bootstrap-colorpicker/dist/css/bootstrap-colorpicker.css]
[www.radixtouch.com/templates/admin/atrio/source/lighthr/assets/js/bundles/multiselect/css/multi-select.css]
[www.radixtouch.com/templates/admin/atrio/source/lighthr/assets/js/bundles/multiselect/js/jquery.multi-select.js]
[www.radixtouch.com/templates/admin/atrio/source/lighthr/assets/js/bundles/bootstrap-colorpicker/dist/js/bootstrap-colorpicker.js]
[www.radixtouch.com/templates/admin/atrio/source/lighthr/assets/js/pages/forms/advanced-form-elements.js]
[www.radixtouch.com/templates/admin/atrio/source/lighthr/pages/forms/advanced-form-elements.html]
[www.radixtouch.com/templates/admin/atrio/source/lighthr/pages/forms/form-examples.html]
[www.radixtouch.com/templates/admin/atrio/source/lighthr/assets/js/pages/forms/form-validation.js]
[www.radixtouch.com/templates/admin/atrio/source/lighthr/pages/forms/form-validation.html]
[www.radixtouch.com/templates/admin/atrio/source/lighthr/assets/js/bundles/jquery-steps/jquery.steps.min.js]
[www.radixtouch.com/templates/admin/atrio/source/lighthr/assets/js/pages/forms/form-wizard.js]
[www.radixtouch.com/templates/admin/atrio/source/lighthr/pages/forms/form-wizard.html]
[www.radixtouch.com/templates/admin/atrio/source/lighthr/assets/js/bundles/tinymce/tinymce.min.js]
[www.radixtouch.com/templates/admin/atrio/source/lighthr/assets/js/pages/forms/editors.js]
[www.radixtouch.com/templates/admin/atrio/source/lighthr/pages/forms/editors.html]
[www.radixtouch.com/templates/admin/atrio/source/lighthr/pages/tables/normal-tables.html]
[www.radixtouch.com/templates/admin/atrio/source/lighthr/pages/tables/advance-tables.html]
[www.radixtouch.com/templates/admin/atrio/source/lighthr/assets/js/bundles/export-tables/dataTables.buttons.min.js]
[www.radixtouch.com/templates/admin/atrio/source/lighthr/assets/js/bundles/export-tables/buttons.flash.min.js]
[www.radixtouch.com/templates/admin/atrio/source/lighthr/assets/js/bundles/export-tables/jszip.min.js]
[www.radixtouch.com/templates/admin/atrio/source/lighthr/assets/js/bundles/export-tables/pdfmake.min.js]
[www.radixtouch.com/templates/admin/atrio/source/lighthr/assets/js/bundles/export-tables/vfs_fonts.js]
[www.radixtouch.com/templates/admin/atrio/source/lighthr/assets/js/bundles/export-tables/buttons.html5.min.js]
[www.radixtouch.com/templates/admin/atrio/source/lighthr/assets/js/bundles/export-tables/buttons.print.min.js]
[www.radixtouch.com/templates/admin/atrio/source/lighthr/pages/tables/export-table.html]
[www.radixtouch.com/templates/admin/atrio/source/lighthr/pages/tables/child-row-table.html]
[www.radixtouch.com/templates/admin/atrio/source/lighthr/pages/tables/group-table.html]
[www.radixtouch.com/templates/admin/atrio/source/lighthr/pages/email/mail-inbox.html]
[www.radixtouch.com/templates/admin/atrio/source/lighthr/pages/email/inbox.html]
[www.radixtouch.com/templates/admin/atrio/source/lighthr/pages/email/compose.html]
[www.radixtouch.com/templates/admin/atrio/source/lighthr/assets/js/pages/apps/chat.js]
[www.radixtouch.com/templates/admin/atrio/source/lighthr/assets/images/user/usrbig2.jpg]
[www.radixtouch.com/templates/admin/atrio/source/lighthr/assets/images/user/usrbig3.jpg]
[www.radixtouch.com/templates/admin/atrio/source/lighthr/pages/email/view-mail.html]
[www.radixtouch.com/templates/admin/atrio/source/lighthr/pages/apps/chat.html]
[www.radixtouch.com/templates/admin/atrio/source/lighthr/assets/js/bundles/fullcalendar/packages/core/main.min.css]
[www.radixtouch.com/templates/admin/atrio/source/lighthr/assets/js/bundles/fullcalendar/packages/daygrid/main.min.css]
[www.radixtouch.com/templates/admin/atrio/source/lighthr/assets/js/bundles/fullcalendar/packages/timegrid/main.min.css]
[www.radixtouch.com/templates/admin/atrio/source/lighthr/pages/apps/index.html]
[www.radixtouch.com/templates/admin/atrio/source/lighthr/assets/js/bundles/fullcalendar/packages/core/main.min.js]
[www.radixtouch.com/templates/admin/atrio/source/lighthr/assets/js/bundles/fullcalendar/packages/interaction/main.min.js]
[www.radixtouch.com/templates/admin/atrio/source/lighthr/assets/js/bundles/fullcalendar/packages/daygrid/main.min.js]
[www.radixtouch.com/templates/admin/atrio/source/lighthr/assets/js/bundles/fullcalendar/packages/timegrid/main.min.js]
[www.radixtouch.com/templates/admin/atrio/source/lighthr/assets/js/pages/apps/calendar.js]
[www.radixtouch.com/templates/admin/atrio/source/lighthr/pages/apps/calendar.html]
[www.radixtouch.com/templates/admin/atrio/source/lighthr/assets/images/user/user11.jpg]
[www.radixtouch.com/templates/admin/atrio/source/lighthr/assets/images/user/user10.jpg]
[www.radixtouch.com/templates/admin/atrio/source/lighthr/assets/js/pages/apps/task.js]
[www.radixtouch.com/templates/admin/atrio/source/lighthr/pages/apps/task.html]
[www.radixtouch.com/templates/admin/atrio/source/lighthr/assets/images/posts/post4.jpg]
[www.radixtouch.com/templates/admin/atrio/source/lighthr/assets/images/posts/post5.jpg]
[www.radixtouch.com/templates/admin/atrio/source/lighthr/assets/images/posts/post6.jpg]
[www.radixtouch.com/templates/admin/atrio/source/lighthr/assets/images/posts/post7.jpg]
[www.radixtouch.com/templates/admin/atrio/source/lighthr/assets/images/posts/post8.jpg]
[www.radixtouch.com/templates/admin/atrio/source/lighthr/assets/images/posts/post9.jpg]
[www.radixtouch.com/templates/admin/atrio/source/lighthr/assets/images/posts/post11.jpg]
[www.radixtouch.com/templates/admin/atrio/source/lighthr/assets/images/posts/post12.jpg]
[www.radixtouch.com/templates/admin/atrio/source/lighthr/assets/images/posts/post13.jpg]
[www.radixtouch.com/templates/admin/atrio/source/lighthr/assets/js/pages/apps/portfolio.js]
[www.radixtouch.com/templates/admin/atrio/source/lighthr/pages/apps/portfolio.html]
[www.radixtouch.com/templates/admin/atrio/source/lighthr/assets/js/pages/apps/dragdrop.js]
[www.radixtouch.com/templates/admin/atrio/source/lighthr/pages/apps/dragdrop.html]
[www.radixtouch.com/templates/admin/atrio/source/lighthr/pages/apps/contact_list.html]
[www.radixtouch.com/templates/admin/atrio/source/lighthr/assets/images/user/usrbig4.jpg]
[www.radixtouch.com/templates/admin/atrio/source/lighthr/assets/images/user/usrbig5.jpg]
[www.radixtouch.com/templates/admin/atrio/source/lighthr/assets/images/user/usrbig7.jpg]
[www.radixtouch.com/templates/admin/atrio/source/lighthr/assets/images/user/usrbig8.jpg]
[www.radixtouch.com/templates/admin/atrio/source/lighthr/assets/images/user/usrbig9.jpg]
[www.radixtouch.com/templates/admin/atrio/source/lighthr/pages/apps/contact_grid.html]
[www.radixtouch.com/templates/admin/atrio/source/lighthr/assets/js/pages/apps/support.js]
[www.radixtouch.com/templates/admin/atrio/source/lighthr/pages/apps/support.html]
[www.radixtouch.com/templates/admin/atrio/source/lighthr/assets/js/bundles/amcharts4/worldLow.js]
[www.radixtouch.com/templates/admin/atrio/source/lighthr/assets/js/bundles/amcharts4/maps.js]
[www.radixtouch.com/templates/admin/atrio/source/lighthr/assets/js/pages/charts/amchart.js]
[www.radixtouch.com/templates/admin/atrio/source/lighthr/pages/charts/amchart.html]
[www.radixtouch.com/templates/admin/atrio/source/lighthr/assets/js/pages/charts/echarts.js]
[www.radixtouch.com/templates/admin/atrio/source/lighthr/pages/charts/echart.html]
[www.radixtouch.com/templates/admin/atrio/source/lighthr/assets/js/pages/charts/apexcharts.js]
[www.radixtouch.com/templates/admin/atrio/source/lighthr/pages/charts/apexcharts.html]
[www.radixtouch.com/templates/admin/atrio/source/lighthr/assets/js/pages/charts/morris.js]
[www.radixtouch.com/templates/admin/atrio/source/lighthr/pages/charts/morris.html]
[www.radixtouch.com/templates/admin/atrio/source/lighthr/assets/js/pages/charts/chartjs.js]
[www.radixtouch.com/templates/admin/atrio/source/lighthr/pages/charts/chartjs.html]
[www.radixtouch.com/templates/admin/atrio/source/lighthr/assets/js/pages/charts/sparkline.js]
[www.radixtouch.com/templates/admin/atrio/source/lighthr/pages/charts/sparkline.html]
[www.radixtouch.com/templates/admin/atrio/source/lighthr/pages/charts/jquery-knob.html]
[www.radixtouch.com/templates/admin/atrio/source/lighthr/assets/js/map.min.js]
[www.radixtouch.com/templates/admin/atrio/source/lighthr/assets/js/pages/maps/google.js]
[www.radixtouch.com/templates/admin/atrio/source/lighthr/pages/maps/google.html]
[www.radixtouch.com/templates/admin/atrio/source/lighthr/assets/js/pages/maps/jqvmap.js]
[www.radixtouch.com/templates/admin/atrio/source/lighthr/pages/maps/jqvmap.html]
[www.radixtouch.com/templates/admin/atrio/source/lighthr/assets/js/bundles/datamaps/d3.min.js]
[www.radixtouch.com/templates/admin/atrio/source/lighthr/assets/js/bundles/datamaps/topojson.min.js]
[www.radixtouch.com/templates/admin/atrio/source/lighthr/assets/js/bundles/datamaps/datamaps.world.min.js]
[www.radixtouch.com/templates/admin/atrio/source/lighthr/assets/js/pages/maps/datamap.js]
[www.radixtouch.com/templates/admin/atrio/source/lighthr/pages/maps/datamap.html]
[www.radixtouch.com/templates/admin/atrio/source/lighthr/assets/js/pages/timeline/timeline-data.js]
[www.radixtouch.com/templates/admin/atrio/source/lighthr/pages/timeline/horizontal-timeline.html]
[www.radixtouch.com/templates/admin/atrio/source/lighthr/pages/timeline/vertical-timeline.html]
[www.radixtouch.com/templates/admin/atrio/source/lighthr/assets/js/bundles/lightgallery/dist/css/lightgallery.css]
[www.radixtouch.com/templates/admin/atrio/source/lighthr/assets/images/image-gallery/thumb/thumb-1.jpg]
[www.radixtouch.com/templates/admin/atrio/source/lighthr/assets/images/image-gallery/thumb/thumb-2.jpg]
[www.radixtouch.com/templates/admin/atrio/source/lighthr/assets/images/image-gallery/thumb/thumb-3.jpg]
[www.radixtouch.com/templates/admin/atrio/source/lighthr/assets/images/image-gallery/thumb/thumb-4.jpg]
[www.radixtouch.com/templates/admin/atrio/source/lighthr/assets/images/image-gallery/thumb/thumb-5.jpg]
[www.radixtouch.com/templates/admin/atrio/source/lighthr/assets/images/image-gallery/6.jpg]
[www.radixtouch.com/templates/admin/atrio/source/lighthr/assets/images/image-gallery/thumb/thumb-6.jpg]
[www.radixtouch.com/templates/admin/atrio/source/lighthr/assets/images/image-gallery/7.jpg]
[www.radixtouch.com/templates/admin/atrio/source/lighthr/assets/images/image-gallery/thumb/thumb-7.jpg]
[www.radixtouch.com/templates/admin/atrio/source/lighthr/assets/images/image-gallery/8.jpg]
[www.radixtouch.com/templates/admin/atrio/source/lighthr/assets/images/image-gallery/thumb/thumb-8.jpg]
[www.radixtouch.com/templates/admin/atrio/source/lighthr/assets/images/image-gallery/9.jpg]
[www.radixtouch.com/templates/admin/atrio/source/lighthr/assets/images/image-gallery/thumb/thumb-9.jpg]
[www.radixtouch.com/templates/admin/atrio/source/lighthr/assets/images/image-gallery/10.jpg]
[www.radixtouch.com/templates/admin/atrio/source/lighthr/assets/images/image-gallery/thumb/thumb-10.jpg]
[www.radixtouch.com/templates/admin/atrio/source/lighthr/assets/images/image-gallery/11.jpg]
[www.radixtouch.com/templates/admin/atrio/source/lighthr/assets/images/image-gallery/thumb/thumb-11.jpg]
[www.radixtouch.com/templates/admin/atrio/source/lighthr/assets/images/image-gallery/12.jpg]
[www.radixtouch.com/templates/admin/atrio/source/lighthr/assets/images/image-gallery/thumb/thumb-12.jpg]
[www.radixtouch.com/templates/admin/atrio/source/lighthr/assets/images/image-gallery/13.jpg]
[www.radixtouch.com/templates/admin/atrio/source/lighthr/assets/images/image-gallery/thumb/thumb-13.jpg]
[www.radixtouch.com/templates/admin/atrio/source/lighthr/assets/images/image-gallery/14.jpg]
[www.radixtouch.com/templates/admin/atrio/source/lighthr/assets/images/image-gallery/thumb/thumb-14.jpg]
[www.radixtouch.com/templates/admin/atrio/source/lighthr/assets/images/image-gallery/15.jpg]
[www.radixtouch.com/templates/admin/atrio/source/lighthr/assets/images/image-gallery/thumb/thumb-15.jpg]
[www.radixtouch.com/templates/admin/atrio/source/lighthr/assets/images/image-gallery/16.jpg]
[www.radixtouch.com/templates/admin/atrio/source/lighthr/assets/images/image-gallery/thumb/thumb-16.jpg]
[www.radixtouch.com/templates/admin/atrio/source/lighthr/assets/images/image-gallery/17.jpg]
[www.radixtouch.com/templates/admin/atrio/source/lighthr/assets/images/image-gallery/thumb/thumb-17.jpg]
[www.radixtouch.com/templates/admin/atrio/source/lighthr/assets/images/image-gallery/18.jpg]
[www.radixtouch.com/templates/admin/atrio/source/lighthr/assets/images/image-gallery/thumb/thumb-18.jpg]
[www.radixtouch.com/templates/admin/atrio/source/lighthr/assets/images/image-gallery/19.jpg]
[www.radixtouch.com/templates/admin/atrio/source/lighthr/assets/images/image-gallery/thumb/thumb-19.jpg]
[www.radixtouch.com/templates/admin/atrio/source/lighthr/assets/images/image-gallery/20.jpg]
[www.radixtouch.com/templates/admin/atrio/source/lighthr/assets/images/image-gallery/thumb/thumb-20.jpg]
[www.radixtouch.com/templates/admin/atrio/source/lighthr/assets/js/bundles/lightgallery/dist/js/lightgallery-all.js]
[www.radixtouch.com/templates/admin/atrio/source/lighthr/pages/medias/image-gallery.html]
[www.radixtouch.com/templates/admin/atrio/source/lighthr/pages/medias/carousel.html]
[www.radixtouch.com/templates/admin/atrio/source/lighthr/assets/js/pages/medias/image-gallery.js]
[www.radixtouch.com/templates/admin/atrio/source/lighthr/assets/css/pages/extra_pages.css]
[www.radixtouch.com/templates/admin/atrio/source/lighthr/assets/js/pages/examples/login-register.js]
[www.radixtouch.com/templates/admin/atrio/source/lighthr/pages/examples/login-register.html]
[www.radixtouch.com/templates/admin/atrio/source/lighthr/assets/images/pages/bg-01.png]
[www.radixtouch.com/templates/admin/atrio/source/lighthr/assets/js/pages/examples/pages.js]
[www.radixtouch.com/templates/admin/atrio/source/lighthr/pages/examples/sign-in.html]
[www.radixtouch.com/templates/admin/atrio/source/lighthr/assets/images/pages/bg-02.png]
[www.radixtouch.com/templates/admin/atrio/source/lighthr/pages/examples/sign-up.html]
[www.radixtouch.com/templates/admin/atrio/source/lighthr/pages/examples/forgot-password.html]
[www.radixtouch.com/templates/admin/atrio/source/lighthr/pages/examples/locked.html]
[www.radixtouch.com/templates/admin/atrio/source/lighthr/assets/images/pages/bg-03.png]
[www.radixtouch.com/templates/admin/atrio/source/lighthr/pages/examples/404.html]
[www.radixtouch.com/templates/admin/atrio/source/lighthr/pages/examples/500.html]
[www.radixtouch.com/templates/admin/atrio/source/lighthr/pages/examples/profile.html]
[www.radixtouch.com/templates/admin/atrio/source/lighthr/pages/examples/pricing.html]
[www.radixtouch.com/templates/admin/atrio/source/lighthr/pages/examples/faqs.html]
[www.radixtouch.com/templates/admin/atrio/source/lighthr/pages/examples/blank.html]
[www.radixtouch.com/templates/admin/atrio/source/lighthr/assets/js/app.min.js]
[www.radixtouch.com/templates/admin/atrio/source/lighthr/assets/js/chart.min.js]
[www.radixtouch.com/templates/admin/atrio/source/lighthr/assets/js/admin.js]
[www.radixtouch.com/templates/admin/atrio/source/lighthr/assets/js/bundles/echart/echarts.js]
[www.radixtouch.com/templates/admin/atrio/source/lighthr/assets/js/bundles/apexcharts/apexcharts.min.js]
[www.radixtouch.com/templates/admin/atrio/source/lighthr/assets/js/pages/index.js]
[www.radixtouch.com/templates/admin/atrio/source/lighthr/assets/js/pages/todo/todo.js]
[www.radixtouch.com/templates/admin/atrio/source/lighthr/assets/fonts/Simple-Line-Iconsb26c.html]
[www.radixtouch.com/templates/admin/atrio/source/lighthr/assets/fonts/Simple-Line-Iconsb26c-2.html]
[www.radixtouch.com/templates/admin/atrio/source/lighthr/assets/fonts/Simple-Line-Iconsb26c-3.html]
[www.radixtouch.com/templates/admin/atrio/source/lighthr/assets/fonts/Simple-Line-Iconsb26c-4.html]
[www.radixtouch.com/templates/admin/atrio/source/lighthr/assets/fonts/Simple-Line-Iconsb26c-5.html]
[www.radixtouch.com/templates/admin/atrio/source/lighthr/assets/css/owl.video.play.html]
[www.radixtouch.com/templates/admin/atrio/source/lighthr/assets/fonts/themify-icons/fonts/themify9f249f24.eot]
[www.radixtouch.com/templates/admin/atrio/source/lighthr/assets/fonts/themify-icons/fonts/themifyd41dd41d.eot]
[www.radixtouch.com/templates/admin/atrio/source/lighthr/assets/fonts/themify-icons/fonts/themify.woff]
[www.radixtouch.com/templates/admin/atrio/source/lighthr/assets/fonts/themify-icons/fonts/themify.ttf]
[www.radixtouch.com/templates/admin/atrio/source/lighthr/assets/fonts/themify-icons/themify-icons.css]
[www.radixtouch.com/templates/admin/atrio/source/lighthr/assets/fonts/themify-icons/fonts/themify9f249f24.svg]
[www.radixtouch.com/templates/admin/atrio/source/lighthr/assets/fonts/simple-line-icons/fonts/Simple-Line-Icons4c824c82.eot]
[www.radixtouch.com/templates/admin/atrio/source/lighthr/assets/fonts/simple-line-icons/fonts/Simple-Line-Iconsd41dd41d.eot]
[www.radixtouch.com/templates/admin/atrio/source/lighthr/assets/fonts/simple-line-icons/fonts/Simple-Line-Icons4c824c82.ttf]
[www.radixtouch.com/templates/admin/atrio/source/lighthr/assets/fonts/simple-line-icons/fonts/Simple-Line-Icons4c824c82.woff2]
[www.radixtouch.com/templates/admin/atrio/source/lighthr/assets/fonts/simple-line-icons/fonts/Simple-Line-Icons4c824c82.woff]
[www.radixtouch.com/templates/admin/atrio/source/lighthr/assets/fonts/simple-line-icons/css/simple-line-icons.css]
[www.radixtouch.com/templates/admin/atrio/source/lighthr/assets/fonts/Roboto/roboto-v27-latin-regular.html]
[www.radixtouch.com/templates/admin/atrio/source/lighthr/assets/fonts/Roboto/roboto-v27-latin-regular-2.html]
[www.radixtouch.com/templates/admin/atrio/source/lighthr/assets/fonts/Roboto/roboto-v27-latin-500.svg]
[www.radixtouch.com/templates/admin/atrio/source/lighthr/assets/fonts/Roboto/roboto-v27-latin-700.svg]
[www.radixtouch.com/templates/admin/atrio/source/lighthr/assets/fonts/iconfont/MaterialIcons-Regular.html]
[www.radixtouch.com/templates/admin/atrio/source/lighthr/assets/fonts/iconfont/MaterialIcons-Regular-2.html]
[www.radixtouch.com/templates/admin/atrio/source/lighthr/assets/fonts/fontawesome/fa-regular-400.svg]
[www.radixtouch.com/templates/admin/atrio/source/lighthr/assets/fonts/simple-line-icons/fonts/Simple-Line-Icons4c824c82.svg]
[www.radixtouch.com/templates/admin/atrio/source/lighthr/assets/fonts/fontawesome/fa-solid-900.svg]
[www.radixtouch.com/templates/admin/atrio/source/lighthr/assets/fonts/fontawesome/fa-brands-400.html]
[www.radixtouch.com/templates/admin/atrio/source/lighthr/assets/fonts/fontawesome/fa-brands-401.html]
[www.radixtouch.com/templates/admin/atrio/source/lighthr/assets/images/user-img-background.html]
[www.radixtouch.com/templates/admin/atrio/source/lighthr/assets/img/cd-arrow.html]
[www.radixtouch.com/templates/admin/atrio/source/lighthr/pages/dashboard/index.html]
[www.radixtouch.com/templates/admin/atrio/source/lighthr/assets/js/pages/dashboard/dashboard2.js]
[www.radixtouch.com/templates/admin/atrio/source/lighthr/assets/js/table.min.js]
[www.radixtouch.com/templates/admin/atrio/source/lighthr/assets/js/pages/tables/jquery-datatable.js]
[www.radixtouch.com/templates/admin/atrio/source/lighthr/assets/css/form.min.css]
[www.radixtouch.com/templates/admin/atrio/source/lighthr/pages/employee/t.path[0]]
[www.radixtouch.com/templates/admin/atrio/source/lighthr/assets/js/form.min.js]
[www.radixtouch.com/templates/admin/atrio/source/lighthr/assets/js/pages/forms/form-data.js]
[www.radixtouch.com/templates/admin/atrio/source/lighthr/pages/projects/trident/index.html]
[www.radixtouch.com/templates/admin/atrio/source/lighthr/pages/projects/applewebkit/index.html]
[www.radixtouch.com/templates/admin/atrio/source/lighthr/pages/projects/contents.css]
[www.radixtouch.com/templates/admin/atrio/source/lighthr/pages/projects/adobeair/index.html]
[www.radixtouch.com/templates/admin/atrio/source/lighthr/pages/projects/plugins/index.html]
[www.radixtouch.com/templates/admin/atrio/source/lighthr/pages/projects/styles.js]
[www.radixtouch.com/templates/admin/atrio/source/lighthr/pages/projects/POST]
[www.radixtouch.com/templates/admin/atrio/source/lighthr/pages/projects/chrome/index.html]
[www.radixtouch.com/templates/admin/atrio/source/lighthr/pages/projects/icons_hidpi.png]
[www.radixtouch.com/templates/admin/atrio/source/lighthr/pages/projects/icons.png]
[www.radixtouch.com/templates/admin/atrio/source/lighthr/assets/js/bundles/ckeditor/ckeditor.js]
[www.radixtouch.com/templates/admin/atrio/source/lighthr/assets/js/pages/forms/flatpicker-data.js]
[www.radixtouch.com/templates/admin/atrio/source/lighthr/pages/projects/ckeditor]
[www.radixtouch.com/templates/admin/atrio/source/lighthr/assets/js/pages/forms/ckeditor.js]
[www.radixtouch.com/templates/admin/atrio/source/lighthr/pages/attendance/edit-leave.html]
[www.radixtouch.com/templates/admin/atrio/source/lighthr/pages/attendance/Nv8/index.html]
[www.radixtouch.com/templates/admin/atrio/source/lighthr/pages/attendance/0v9/index.html]
[www.radixtouch.com/templates/admin/atrio/source/lighthr/assets/js/bundles/amcharts4/core.js]
[www.radixtouch.com/templates/admin/atrio/source/lighthr/pages/attendance/DA7/index.html]
[www.radixtouch.com/templates/admin/atrio/source/lighthr/assets/js/bundles/amcharts4/charts.js]
[www.radixtouch.com/templates/admin/atrio/source/lighthr/pages/attendance/7bL/index.html]
[www.radixtouch.com/templates/admin/atrio/source/lighthr/pages/attendance/ND2/index.html]
[www.radixtouch.com/templates/admin/atrio/source/lighthr/pages/attendance/OB1/index.html]
[www.radixtouch.com/templates/admin/atrio/source/lighthr/assets/js/bundles/amcharts4/animated.js]
[www.radixtouch.com/templates/admin/atrio/source/lighthr/assets/js/pages/attendance/attendance-data.js]
[www.radixtouch.com/templates/admin/atrio/source/lighthr/pages/job/edit-leave.html]
[www.radixtouch.com/templates/admin/atrio/source/lighthr/assets/js/pages/charts/jquery-knob.js]
[www.radixtouch.com/templates/admin/atrio/source/lighthr/assets/js/pages/widgets/chart-widget.js]
[www.radixtouch.com/templates/admin/atrio/source/lighthr/assets/js/pages/medias/carousel.js]
[www.radixtouch.com/templates/admin/atrio/source/lighthr/assets/js/pages/widgets/data-widget.js]
[www.radixtouch.com/templates/admin/atrio/source/lighthr/assets/js/pages/ui/collapse.js]
[www.radixtouch.com/templates/admin/atrio/source/lighthr/assets/js/pages/ui/dialogs.js]
[www.radixtouch.com/templates/admin/atrio/source/lighthr/assets/js/pages/cards/basic.js]
[www.radixtouch.com/templates/admin/atrio/source/lighthr/assets/js/pages/ui/notifications.js]
[www.radixtouch.com/templates/admin/atrio/source/lighthr/assets/js/bundles/rangeSlider/css/ion.rangeSlider.css]
[www.radixtouch.com/templates/admin/atrio/source/lighthr/pages/attendance/qUC/index.html]
[www.radixtouch.com/templates/admin/atrio/source/lighthr/assets/js/bundles/rangeSlider/img/sprite-skin-flat.png]
[www.radixtouch.com/templates/admin/atrio/source/lighthr/assets/js/bundles/rangeSlider/css/ion.rangeSlider.skinFlat.css]
[www.radixtouch.com/templates/admin/atrio/source/lighthr/assets/js/bundles/rangeSlider/js/ion.rangeSlider.js]
[www.radixtouch.com/templates/admin/atrio/source/lighthr/assets/js/pages/ui/range-sliders.js]
[www.radixtouch.com/templates/admin/atrio/source/lighthr/assets/js/pages/forms/basic-form-elements.js]
[www.radixtouch.com/templates/admin/atrio/source/lighthr/assets/js/bundles/bootstrap-colorpicker/dist/css/bootstrap-colorpicker.css]
[www.radixtouch.com/templates/admin/atrio/source/lighthr/assets/js/bundles/multiselect/img/switch.png]
[www.radixtouch.com/templates/admin/atrio/source/lighthr/assets/js/bundles/multiselect/css/multi-select.css]
[www.radixtouch.com/templates/admin/atrio/source/lighthr/assets/js/bundles/multiselect/js/jquery.multi-select.js]
[www.radixtouch.com/templates/admin/atrio/source/lighthr/assets/js/bundles/bootstrap-colorpicker/dist/js/bootstrap-colorpicker.js]
[www.radixtouch.com/templates/admin/atrio/source/lighthr/assets/js/pages/forms/advanced-form-elements.js]
[www.radixtouch.com/templates/admin/atrio/source/lighthr/assets/js/pages/forms/form-validation.js]
[www.radixtouch.com/templates/admin/atrio/source/lighthr/assets/js/bundles/jquery-steps/jquery.steps.min.js]
[www.radixtouch.com/templates/admin/atrio/source/lighthr/assets/js/pages/forms/form-wizard.js]
[www.radixtouch.com/templates/admin/atrio/source/lighthr/pages/forms/Trident/index.html]
[www.radixtouch.com/templates/admin/atrio/source/lighthr/pages/forms/Edge/index.html]
[www.radixtouch.com/templates/admin/atrio/source/lighthr/pages/forms/GET]
[www.radixtouch.com/templates/admin/atrio/source/lighthr/assets/js/bundles/tinymce/tinymce.min.js]
[www.radixtouch.com/templates/admin/atrio/source/lighthr/pages/forms/edge/index-2.html]
[www.radixtouch.com/templates/admin/atrio/source/lighthr/pages/forms/mobile/index.html]
[www.radixtouch.com/templates/admin/atrio/source/lighthr/pages/forms/ckeditor]
[www.radixtouch.com/templates/admin/atrio/source/lighthr/assets/js/pages/forms/editors.js]
[www.radixtouch.com/templates/admin/atrio/source/lighthr/assets/js/bundles/export-tables/dataTables.buttons.min.js]
[www.radixtouch.com/templates/admin/atrio/source/lighthr/pages/index.html]
[www.radixtouch.com/templates/admin/atrio/source/lighthr/pages/forms/TinyMCE does not support the browser you are us/www.tinymce.com/docs/get-started/system-requirements/index.html]
[www.radixtouch.com/templates/admin/atrio/source/lighthr/pages/tables/buttons.pdf]
[www.radixtouch.com/templates/admin/atrio/source/lighthr/assets/js/bundles/export-tables/buttons.flash.min.js]
[www.radixtouch.com/templates/admin/atrio/source/lighthr/assets/js/bundles/export-tables/jszip.min.js]
[www.radixtouch.com/templates/admin/atrio/source/lighthr/pages/tables/ABCDEFGHIJKLMNOPQRSTUVWXYZabcdefghijklmnopqrstuvwxyz0123456789+/index.html]
[www.radixtouch.com/templates/admin/atrio/source/lighthr/assets/js/bundles/export-tables/pdfmake.min.js]
[www.radixtouch.com/templates/admin/atrio/source/lighthr/assets/js/bundles/export-tables/vfs_fonts.js]
[www.radixtouch.com/templates/admin/atrio/source/lighthr/pages/tables/xl/worksheets/sheet1.xml]
[www.radixtouch.com/templates/admin/atrio/source/lighthr/pages/tables/xl/workbook.xml]
[www.radixtouch.com/templates/admin/atrio/source/lighthr/pages/tables/xl/styles.xml]
[www.radixtouch.com/templates/admin/atrio/source/lighthr/pages/tables/[Content_Types].xml]
[www.radixtouch.com/templates/admin/atrio/source/lighthr/assets/js/bundles/export-tables/buttons.html5.min.js]
[www.radixtouch.com/templates/admin/atrio/source/lighthr/assets/js/bundles/export-tables/buttons.print.min.js]
[www.radixtouch.com/templates/admin/atrio/source/lighthr/pages/email/mail-inbox.html]
[www.radixtouch.com/templates/admin/atrio/source/lighthr/assets/js/pages/apps/chat.js]
[www.radixtouch.com/templates/admin/atrio/source/lighthr/assets/js/bundles/fullcalendar/packages/core/main.min.css]
[www.radixtouch.com/templates/admin/atrio/source/lighthr/assets/js/bundles/fullcalendar/packages/daygrid/main.min.css]
[www.radixtouch.com/templates/admin/atrio/source/lighthr/assets/js/bundles/fullcalendar/packages/timegrid/main.min.css]
[www.radixtouch.com/templates/admin/atrio/source/lighthr/pages/apps/index.html]
[www.radixtouch.com/templates/admin/atrio/source/lighthr/assets/js/bundles/fullcalendar/packages/core/main.min.js]
[www.radixtouch.com/templates/admin/atrio/source/lighthr/assets/js/bundles/fullcalendar/packages/interaction/main.min.js]
[www.radixtouch.com/templates/admin/atrio/source/lighthr/assets/js/bundles/fullcalendar/packages/daygrid/main.min.js]
[www.radixtouch.com/templates/admin/atrio/source/lighthr/assets/js/bundles/fullcalendar/packages/timegrid/main.min.js]
[www.radixtouch.com/templates/admin/atrio/source/lighthr/assets/js/pages/apps/calendar.js]
[www.radixtouch.com/templates/admin/atrio/source/lighthr/assets/js/pages/apps/task.js]
[www.radixtouch.com/templates/admin/atrio/source/lighthr/assets/js/pages/apps/portfolio.js]
[www.radixtouch.com/templates/admin/atrio/source/lighthr/assets/js/pages/apps/dragdrop.js]
[www.radixtouch.com/templates/admin/atrio/source/lighthr/assets/js/pages/apps/support.js]
[www.radixtouch.com/templates/admin/atrio/source/lighthr/assets/js/bundles/amcharts4/worldLow.js]
[www.radixtouch.com/templates/admin/atrio/source/lighthr/assets/js/bundles/amcharts4/maps.js]
[www.radixtouch.com/templates/admin/atrio/source/lighthr/pages/charts/bullet]
[www.radixtouch.com/templates/admin/atrio/source/lighthr/assets/js/pages/charts/amchart.js]
[www.radixtouch.com/templates/admin/atrio/source/lighthr/assets/js/pages/charts/echarts.js]
[www.radixtouch.com/templates/admin/atrio/source/lighthr/assets/js/pages/charts/apexcharts.js]
[www.radixtouch.com/templates/admin/atrio/source/lighthr/assets/js/pages/charts/morris.js]
[www.radixtouch.com/templates/admin/atrio/source/lighthr/assets/js/pages/charts/chartjs.js]
[www.radixtouch.com/templates/admin/atrio/source/lighthr/assets/js/pages/charts/sparkline.js]
[www.radixtouch.com/templates/admin/atrio/source/lighthr/assets/js/map.min.js]
[www.radixtouch.com/templates/admin/atrio/source/lighthr/assets/js/pages/maps/google.js]
[www.radixtouch.com/templates/admin/atrio/source/lighthr/assets/js/pages/maps/jqvmap.js]
[www.radixtouch.com/templates/admin/atrio/source/lighthr/assets/js/bundles/datamaps/d3.min.js]
[www.radixtouch.com/templates/admin/atrio/source/lighthr/assets/js/bundles/datamaps/topojson.min.js]
[www.radixtouch.com/templates/admin/atrio/source/lighthr/assets/js/bundles/datamaps/datamaps.world.min.js]
[www.radixtouch.com/templates/admin/atrio/source/lighthr/assets/js/pages/maps/datamap.js]
[www.radixtouch.com/templates/admin/atrio/source/lighthr/assets/js/pages/timeline/timeline-data.js]
[www.radixtouch.com/templates/admin/atrio/source/lighthr/assets/js/bundles/lightgallery/dist/fonts/lgd641.eot]
[www.radixtouch.com/templates/admin/atrio/source/lighthr/assets/js/bundles/lightgallery/dist/fonts/lgd41d.eot]
[www.radixtouch.com/templates/admin/atrio/source/lighthr/assets/js/bundles/lightgallery/dist/fonts/lgd641.woff]
[www.radixtouch.com/templates/admin/atrio/source/lighthr/assets/js/bundles/lightgallery/dist/fonts/lgd641.ttf]
[www.radixtouch.com/templates/admin/atrio/source/lighthr/assets/js/bundles/lightgallery/dist/fonts/lgd641.svg]
[www.radixtouch.com/templates/admin/atrio/source/lighthr/assets/js/bundles/lightgallery/dist/img/vimeo-play.png]
[www.radixtouch.com/templates/admin/atrio/source/lighthr/assets/js/bundles/lightgallery/dist/img/video-play.png]
[www.radixtouch.com/templates/admin/atrio/source/lighthr/assets/js/bundles/lightgallery/dist/img/youtube-play.png]
[www.radixtouch.com/templates/admin/atrio/source/lighthr/assets/js/bundles/lightgallery/dist/img/loading.gif]
[www.radixtouch.com/templates/admin/atrio/source/lighthr/assets/js/bundles/lightgallery/dist/css/lightgallery.css]
[www.radixtouch.com/templates/admin/atrio/source/lighthr/assets/js/bundles/lightgallery/dist/js/lightgallery-all.js]
[www.radixtouch.com/templates/admin/atrio/source/lighthr/assets/js/pages/medias/image-gallery.js]
[www.radixtouch.com/templates/admin/atrio/source/lighthr/assets/images/bg-01.jpg]
[www.radixtouch.com/templates/admin/atrio/source/lighthr/assets/css/pages/extra_pages.css]
[www.radixtouch.com/templates/admin/atrio/source/lighthr/assets/js/pages/examples/login-register.js]
[www.radixtouch.com/templates/admin/atrio/source/lighthr/assets/js/pages/examples/pages.js]
[www.radixtouch.com/templates/admin/atrio/source/lighthr/assets/fonts/themify-icons/fonts/themify9f249f24.svg]
[www.radixtouch.com/templates/admin/atrio/source/lighthr/assets/fonts/simple-line-icons/fonts/Simple-Line-Icons4c824c82.svg]
[www.radixtouch.com/templates/admin/atrio/source/lighthr/pages/employee/t.html]
[www.radixtouch.com/templates/admin/atrio/source/lighthr/pages/projects/trident/index.html]
[www.radixtouch.com/templates/admin/atrio/source/lighthr/pages/projects/applewebkit/index.html]
[www.radixtouch.com/templates/admin/atrio/source/lighthr/pages/projects/adobeair/index.html]
[www.radixtouch.com/templates/admin/atrio/source/lighthr/pages/projects/contents.html]
[www.radixtouch.com/templates/admin/atrio/source/lighthr/pages/projects/plugins/index.html]
[www.radixtouch.com/templates/admin/atrio/source/lighthr/pages/projects/styles.html]
[www.radixtouch.com/templates/admin/atrio/source/lighthr/pages/projects/chrome/index.html]
[www.radixtouch.com/templates/admin/atrio/source/lighthr/pages/projects/POST.html]
[www.radixtouch.com/templates/admin/atrio/source/lighthr/pages/projects/icons_hidpi.html]
[www.radixtouch.com/templates/admin/atrio/source/lighthr/pages/projects/icons.html]
[www.radixtouch.com/templates/admin/atrio/source/lighthr/pages/projects/ckeditor.html]
[www.radixtouch.com/templates/admin/atrio/source/lighthr/pages/attendance/0v9/index.html]
[www.radixtouch.com/templates/admin/atrio/source/lighthr/pages/attendance/Nv8/index.html]
[www.radixtouch.com/templates/admin/atrio/source/lighthr/pages/attendance/DA7/index.html]
[www.radixtouch.com/templates/admin/atrio/source/lighthr/pages/attendance/OB1/index.html]
[www.radixtouch.com/templates/admin/atrio/source/lighthr/pages/attendance/7bL/index.html]
[www.radixtouch.com/templates/admin/atrio/source/lighthr/pages/attendance/ND2/index.html]
[www.radixtouch.com/templates/admin/atrio/source/lighthr/pages/attendance/qUC/index.html]
[www.radixtouch.com/templates/admin/atrio/source/lighthr/pages/forms/Trident/index.html]
[www.radixtouch.com/templates/admin/atrio/source/lighthr/pages/forms/Edge/index.html]
[www.radixtouch.com/templates/admin/atrio/source/lighthr/pages/forms/edge/index-2.html]
[www.radixtouch.com/templates/admin/atrio/source/lighthr/pages/forms/mobile/index.html]
[www.radixtouch.com/templates/admin/atrio/source/lighthr/pages/forms/GET.html]
[www.radixtouch.com/_autoindex/assets/css/autoindex.css]
[www.radixtouch.com/_autoindex/assets/js/tablesort.js]
[www.radixtouch.com/_autoindex/assets/js/tablesort.number.js]
[www.radixtouch.com/templates/admin/atrio/source/lighthr/pages/index.html]
[www.radixtouch.com/templates/admin/atrio/source/lighthr/pages/forms/TinyMCE does not support the browser you are us/www.tinymce.com/docs/get-started/system-requirements/index.html]
[www.radixtouch.com/templates/admin/atrio/source/lighthr/pages/forms/ckeditor.html]
[www.radixtouch.com/templates/admin/atrio/source/lighthr/pages/tables/buttons.html]
[www.radixtouch.com/templates/admin/atrio/source/lighthr/pages/index2a60.html]
[www.radixtouch.com/templates/admin/atrio/source/lighthr/pages/index9a11.html]
[www.radixtouch.com/templates/admin/atrio/source/lighthr/pages/index3dd6.html]
[www.radixtouch.com/templates/admin/atrio/source/lighthr/pages/tables/ABCDEFGHIJKLMNOPQRSTUVWXYZabcdefghijklmnopqrstuvwxyz0123456789+/index.html]
[www.radixtouch.com/templates/admin/atrio/source/lighthr/index-2.html]
[www.radixtouch.com/templates/admin/atrio/source/lighthr/pages/tables/xl/worksheets/sheet1.html]
[www.radixtouch.com/templates/admin/atrio/source/lighthr/pages/accounts/index.html]
[www.radixtouch.com/templates/admin/atrio/source/lighthr/pages/apps/index-2.html]
[www.radixtouch.com/templates/admin/atrio/source/lighthr/pages/tables/xl/workbook.html]
[www.radixtouch.com/templates/admin/atrio/source/lighthr/pages/tables/xl/styles.html]
[www.radixtouch.com/templates/admin/atrio/source/lighthr/pages/attendance/index.html]
[www.radixtouch.com/templates/admin/atrio/source/lighthr/pages/tables/[Content_Types].html]
[www.radixtouch.com/templates/admin/atrio/source/lighthr/pages/charts/index.html]
[www.radixtouch.com/templates/admin/atrio/source/lighthr/pages/charts/bullet.html]
[www.radixtouch.com/templates/admin/atrio/source/lighthr/pages/clients/index.html]
[www.radixtouch.com/templates/admin/atrio/source/lighthr/pages/consultancy/index.html]
[www.radixtouch.com/templates/admin/atrio/source/lighthr/assets/js/bundles/lightgallery/dist/fonts/lgd641.svg]
[www.radixtouch.com/templates/admin/atrio/source/lighthr/pages/dashboard/index-2.html]
[www.radixtouch.com/_autoindex/assets/css/autoindex.css]
[www.radixtouch.com/templates/admin/atrio/source/lighthr/pages/departments/index.html]
[www.radixtouch.com/templates/admin/atrio/source/lighthr/pages/email/index.html]
[www.radixtouch.com/templates/admin/atrio/source/lighthr/pages/employee/index.html]
[www.radixtouch.com/_autoindex/assets/js/tablesort.js]
[www.radixtouch.com/templates/admin/atrio/source/lighthr/pages/examples/index.html]
[www.radixtouch.com/_autoindex/assets/js/tablesort.number.js]
[www.radixtouch.com/templates/admin/atrio/source/lighthr/pages/forms/index.html]
[www.radixtouch.com/templates/admin/atrio/source/lighthr/pages/holiday/index.html]
[www.radixtouch.com/templates/admin/atrio/source/lighthr/pages/icons/index.html]
[www.radixtouch.com/templates/admin/atrio/source/lighthr/pages/index9a11.html]
[www.radixtouch.com/templates/admin/atrio/source/lighthr/pages/job/index.html]
[www.radixtouch.com/templates/admin/atrio/source/lighthr/pages/index2a60.html]
[www.radixtouch.com/templates/admin/atrio/source/lighthr/pages/leave/index.html]
[www.radixtouch.com/templates/admin/atrio/source/lighthr/pages/maps/index.html]
[www.radixtouch.com/templates/admin/atrio/source/lighthr/pages/medias/index.html]
[www.radixtouch.com/templates/admin/atrio/source/lighthr/pages/index3dd6.html]
[www.radixtouch.com/templates/admin/atrio/source/lighthr/pages/payroll/index.html]
[www.radixtouch.com/templates/admin/atrio/source/lighthr/index-2.html]
[www.radixtouch.com/templates/admin/atrio/source/lighthr/pages/projects/index.html]
[www.radixtouch.com/templates/admin/atrio/source/lighthr/pages/tables/index.html]
[www.radixtouch.com/templates/admin/atrio/source/lighthr/pages/timeline/index.html]
[www.radixtouch.com/templates/admin/atrio/source/lighthr/pages/accounts/index.html]
[www.radixtouch.com/templates/admin/atrio/source/lighthr/pages/ui/index.html]
[www.radixtouch.com/templates/admin/atrio/source/lighthr/pages/apps/index-2.html]
[www.radixtouch.com/templates/admin/atrio/source/lighthr/pages/widgets/index.html]
[www.radixtouch.com/templates/admin/atrio/source/lighthr/pages/indexd4cd.html]
[www.radixtouch.com/templates/admin/atrio/source/lighthr/pages/index7dc1.html]
[www.radixtouch.com/templates/admin/atrio/source/lighthr/pages/attendance/index.html]
[www.radixtouch.com/templates/admin/atrio/source/lighthr/pages/index38f9.html]
[www.radixtouch.com/templates/admin/atrio/source/lighthr/pages/charts/index.html]
[www.radixtouch.com/templates/admin/atrio/source/lighthr/pages/accounts/index9a11.html]
[www.radixtouch.com/templates/admin/atrio/source/lighthr/pages/accounts/index2a60.html]
[www.radixtouch.com/templates/admin/atrio/source/lighthr/pages/accounts/index3dd6.html]
[www.radixtouch.com/templates/admin/atrio/source/lighthr/pages/clients/index.html]
[www.radixtouch.com/templates/admin/atrio/source/lighthr/pages/apps/index9a11.html]
[www.radixtouch.com/templates/admin/atrio/source/lighthr/pages/consultancy/index.html]
[www.radixtouch.com/templates/admin/atrio/source/lighthr/pages/apps/index2a60.html]
[www.radixtouch.com/templates/admin/atrio/source/lighthr/pages/attendance/index9a11.html]
[www.radixtouch.com/templates/admin/atrio/source/lighthr/pages/apps/index3dd6.html]
[www.radixtouch.com/templates/admin/atrio/source/lighthr/pages/dashboard/index-2.html]
[www.radixtouch.com/templates/admin/atrio/source/lighthr/pages/attendance/index2a60.html]
[www.radixtouch.com/templates/admin/atrio/source/lighthr/pages/departments/index.html]
[www.radixtouch.com/templates/admin/atrio/source/lighthr/pages/attendance/index3dd6.html]
[www.radixtouch.com/templates/admin/atrio/source/lighthr/pages/charts/index9a11.html]
[www.radixtouch.com/templates/admin/atrio/source/lighthr/pages/charts/index2a60.html]
[www.radixtouch.com/templates/admin/atrio/source/lighthr/pages/email/index.html]
[www.radixtouch.com/templates/admin/atrio/source/lighthr/pages/charts/index3dd6.html]
[www.radixtouch.com/templates/admin/atrio/source/lighthr/pages/employee/index.html]
[www.radixtouch.com/templates/admin/atrio/source/lighthr/pages/clients/index9a11.html]
[www.radixtouch.com/templates/admin/atrio/source/lighthr/pages/clients/index2a60.html]
[www.radixtouch.com/templates/admin/atrio/source/lighthr/pages/clients/index3dd6.html]
[www.radixtouch.com/templates/admin/atrio/source/lighthr/pages/examples/index.html]
[www.radixtouch.com/templates/admin/atrio/source/lighthr/pages/consultancy/index9a11.html]
[www.radixtouch.com/templates/admin/atrio/source/lighthr/pages/forms/index.html]
[www.radixtouch.com/templates/admin/atrio/source/lighthr/pages/consultancy/index2a60.html]
[www.radixtouch.com/templates/admin/atrio/source/lighthr/pages/dashboard/index9a11.html]
[www.radixtouch.com/templates/admin/atrio/source/lighthr/pages/consultancy/index3dd6.html]
[www.radixtouch.com/templates/admin/atrio/source/lighthr/pages/holiday/index.html]
[www.radixtouch.com/templates/admin/atrio/source/lighthr/pages/dashboard/index2a60.html]
[www.radixtouch.com/templates/admin/atrio/source/lighthr/pages/icons/index.html]
[www.radixtouch.com/templates/admin/atrio/source/lighthr/pages/dashboard/index3dd6.html]
[www.radixtouch.com/templates/admin/atrio/source/lighthr/pages/departments/index9a11.html]
[www.radixtouch.com/templates/admin/atrio/source/lighthr/pages/job/index.html]
[www.radixtouch.com/templates/admin/atrio/source/lighthr/pages/departments/index2a60.html]
[www.radixtouch.com/templates/admin/atrio/source/lighthr/pages/departments/index3dd6.html]
[www.radixtouch.com/templates/admin/atrio/source/lighthr/pages/leave/index.html]
[www.radixtouch.com/templates/admin/atrio/source/lighthr/pages/email/index9a11.html]
[www.radixtouch.com/templates/admin/atrio/source/lighthr/pages/email/index2a60.html]
[www.radixtouch.com/templates/admin/atrio/source/lighthr/pages/maps/index.html]
[www.radixtouch.com/templates/admin/atrio/source/lighthr/pages/email/index3dd6.html]
[www.radixtouch.com/templates/admin/atrio/source/lighthr/pages/employee/index2a60.html]
[www.radixtouch.com/templates/admin/atrio/source/lighthr/pages/employee/index9a11.html]
[www.radixtouch.com/templates/admin/atrio/source/lighthr/pages/medias/index.html]
[www.radixtouch.com/templates/admin/atrio/source/lighthr/pages/employee/index3dd6.html]
[www.radixtouch.com/templates/admin/atrio/source/lighthr/pages/examples/index9a11.html]
[www.radixtouch.com/templates/admin/atrio/source/lighthr/pages/payroll/index.html]
[www.radixtouch.com/templates/admin/atrio/source/lighthr/pages/examples/index3dd6.html]
[www.radixtouch.com/templates/admin/atrio/source/lighthr/pages/examples/index2a60.html]
[www.radixtouch.com/templates/admin/atrio/source/lighthr/pages/projects/index.html]
[www.radixtouch.com/templates/admin/atrio/source/lighthr/pages/forms/index9a11.html]
[www.radixtouch.com/templates/admin/atrio/source/lighthr/pages/forms/index2a60.html]
[www.radixtouch.com/templates/admin/atrio/source/lighthr/pages/tables/index.html]
[www.radixtouch.com/templates/admin/atrio/source/lighthr/pages/forms/index3dd6.html]
[www.radixtouch.com/templates/admin/atrio/source/lighthr/pages/holiday/index9a11.html]
[www.radixtouch.com/templates/admin/atrio/source/lighthr/pages/timeline/index.html]
[www.radixtouch.com/templates/admin/atrio/source/lighthr/pages/holiday/index2a60.html]
[www.radixtouch.com/templates/admin/atrio/source/lighthr/pages/holiday/index3dd6.html]
[www.radixtouch.com/templates/admin/atrio/source/lighthr/pages/ui/index.html]
[www.radixtouch.com/templates/admin/atrio/source/lighthr/pages/icons/index9a11.html]
[www.radixtouch.com/templates/admin/atrio/source/lighthr/pages/icons/index2a60.html]
[www.radixtouch.com/templates/admin/atrio/source/lighthr/pages/widgets/index.html]
[www.radixtouch.com/templates/admin/atrio/source/lighthr/pages/icons/index3dd6.html]
[www.radixtouch.com/templates/admin/atrio/source/lighthr/pages/job/index9a11.html]
[www.radixtouch.com/templates/admin/atrio/source/lighthr/pages/indexd4cd.html]
[www.radixtouch.com/templates/admin/atrio/source/lighthr/pages/job/index2a60.html]
[www.radixtouch.com/templates/admin/atrio/source/lighthr/pages/job/index3dd6.html]
[www.radixtouch.com/templates/admin/atrio/source/lighthr/pages/leave/index9a11.html]
[www.radixtouch.com/templates/admin/atrio/source/lighthr/pages/index7dc1.html]
[www.radixtouch.com/templates/admin/atrio/source/lighthr/pages/leave/index2a60.html]
[www.radixtouch.com/templates/admin/atrio/source/lighthr/pages/leave/index3dd6.html]
[www.radixtouch.com/templates/admin/atrio/source/lighthr/pages/index38f9.html]
[www.radixtouch.com/templates/admin/atrio/source/lighthr/pages/maps/index9a11.html]
[www.radixtouch.com/templates/admin/atrio/source/lighthr/pages/maps/index2a60.html]
[www.radixtouch.com/templates/admin/atrio/source/lighthr/pages/accounts/index9a11.html]
[www.radixtouch.com/templates/admin/atrio/source/lighthr/pages/maps/index3dd6.html]
[www.radixtouch.com/templates/admin/atrio/source/lighthr/pages/medias/index9a11.html]
[www.radixtouch.com/templates/admin/atrio/source/lighthr/pages/medias/index2a60.html]
[www.radixtouch.com/templates/admin/atrio/source/lighthr/pages/accounts/index2a60.html]
[www.radixtouch.com/templates/admin/atrio/source/lighthr/pages/medias/index3dd6.html]
[www.radixtouch.com/templates/admin/atrio/source/lighthr/pages/payroll/index9a11.html]
[www.radixtouch.com/templates/admin/atrio/source/lighthr/pages/payroll/index2a60.html]
[www.radixtouch.com/templates/admin/atrio/source/lighthr/pages/accounts/index3dd6.html]
[www.radixtouch.com/templates/admin/atrio/source/lighthr/pages/payroll/index3dd6.html]
[www.radixtouch.com/templates/admin/atrio/source/lighthr/pages/projects/index9a11.html]
[www.radixtouch.com/templates/admin/atrio/source/lighthr/pages/apps/index9a11.html]
[www.radixtouch.com/templates/admin/atrio/source/lighthr/pages/projects/index2a60.html]
[www.radixtouch.com/templates/admin/atrio/source/lighthr/pages/projects/index3dd6.html]
[www.radixtouch.com/templates/admin/atrio/source/lighthr/pages/tables/index9a11.html]
[www.radixtouch.com/templates/admin/atrio/source/lighthr/pages/apps/index2a60.html]
[www.radixtouch.com/templates/admin/atrio/source/lighthr/pages/tables/index2a60.html]
[www.radixtouch.com/templates/admin/atrio/source/lighthr/pages/tables/index3dd6.html]
[www.radixtouch.com/templates/admin/atrio/source/lighthr/pages/timeline/index9a11.html]
[www.radixtouch.com/templates/admin/atrio/source/lighthr/pages/apps/index3dd6.html]
[www.radixtouch.com/templates/admin/atrio/source/lighthr/pages/timeline/index2a60.html]
[www.radixtouch.com/templates/admin/atrio/source/lighthr/pages/timeline/index3dd6.html]
[www.radixtouch.com/templates/admin/atrio/source/lighthr/pages/attendance/index9a11.html]
[www.radixtouch.com/templates/admin/atrio/source/lighthr/pages/ui/index2a60.html]
[www.radixtouch.com/templates/admin/atrio/source/lighthr/pages/ui/index9a11.html]
[www.radixtouch.com/templates/admin/atrio/source/lighthr/pages/attendance/index2a60.html]
[www.radixtouch.com/templates/admin/atrio/source/lighthr/pages/ui/index3dd6.html]
[www.radixtouch.com/templates/admin/atrio/source/lighthr/pages/attendance/index3dd6.html]
[www.radixtouch.com/templates/admin/atrio/source/lighthr/pages/widgets/index9a11.html]
[www.radixtouch.com/templates/admin/atrio/source/lighthr/pages/charts/index9a11.html]
[www.radixtouch.com/templates/admin/atrio/source/lighthr/pages/widgets/index2a60.html]
[www.radixtouch.com/templates/admin/atrio/source/lighthr/pages/widgets/index3dd6.html]
[www.radixtouch.com/templates/admin/atrio/source/lighthr/pages/charts/index2a60.html]
[www.radixtouch.com/templates/admin/atrio/source/lighthr/pages/accounts/indexd4cd.html]
[www.radixtouch.com/templates/admin/atrio/source/lighthr/pages/accounts/index7dc1.html]
[www.radixtouch.com/templates/admin/atrio/source/lighthr/pages/charts/index3dd6.html]
[www.radixtouch.com/templates/admin/atrio/source/lighthr/pages/accounts/index38f9.html]
[www.radixtouch.com/templates/admin/atrio/source/lighthr/pages/apps/indexd4cd.html]
[www.radixtouch.com/templates/admin/atrio/source/lighthr/pages/apps/index7dc1.html]
[www.radixtouch.com/templates/admin/atrio/source/lighthr/pages/clients/index9a11.html]
[www.radixtouch.com/templates/admin/atrio/source/lighthr/pages/apps/index38f9.html]
[www.radixtouch.com/templates/admin/atrio/source/lighthr/pages/clients/index2a60.html]
[www.radixtouch.com/templates/admin/atrio/source/lighthr/pages/attendance/indexd4cd.html]
[www.radixtouch.com/templates/admin/atrio/source/lighthr/pages/attendance/index7dc1.html]
[www.radixtouch.com/templates/admin/atrio/source/lighthr/pages/clients/index3dd6.html]
[www.radixtouch.com/templates/admin/atrio/source/lighthr/pages/attendance/index38f9.html]
[www.radixtouch.com/templates/admin/atrio/source/lighthr/pages/charts/indexd4cd.html]
[www.radixtouch.com/templates/admin/atrio/source/lighthr/pages/consultancy/index9a11.html]
[www.radixtouch.com/templates/admin/atrio/source/lighthr/pages/charts/index7dc1.html]
[www.radixtouch.com/templates/admin/atrio/source/lighthr/pages/charts/index38f9.html]
[www.radixtouch.com/templates/admin/atrio/source/lighthr/pages/consultancy/index2a60.html]
[www.radixtouch.com/templates/admin/atrio/source/lighthr/pages/clients/indexd4cd.html]
[www.radixtouch.com/templates/admin/atrio/source/lighthr/pages/clients/index7dc1.html]
[www.radixtouch.com/templates/admin/atrio/source/lighthr/pages/consultancy/index3dd6.html]
[www.radixtouch.com/templates/admin/atrio/source/lighthr/pages/clients/index38f9.html]
[www.radixtouch.com/templates/admin/atrio/source/lighthr/pages/dashboard/index9a11.html]
[www.radixtouch.com/templates/admin/atrio/source/lighthr/pages/consultancy/indexd4cd.html]
[www.radixtouch.com/templates/admin/atrio/source/lighthr/pages/dashboard/index2a60.html]
[www.radixtouch.com/templates/admin/atrio/source/lighthr/pages/consultancy/index7dc1.html]
[www.radixtouch.com/templates/admin/atrio/source/lighthr/pages/dashboard/index3dd6.html]
[www.radixtouch.com/templates/admin/atrio/source/lighthr/pages/consultancy/index38f9.html]
[www.radixtouch.com/templates/admin/atrio/source/lighthr/pages/departments/index9a11.html]
[www.radixtouch.com/templates/admin/atrio/source/lighthr/pages/dashboard/indexd4cd.html]
[www.radixtouch.com/templates/admin/atrio/source/lighthr/pages/departments/index2a60.html]
[www.radixtouch.com/templates/admin/atrio/source/lighthr/pages/dashboard/index7dc1.html]
[www.radixtouch.com/templates/admin/atrio/source/lighthr/pages/dashboard/index38f9.html]
[www.radixtouch.com/templates/admin/atrio/source/lighthr/pages/departments/index3dd6.html]
[www.radixtouch.com/templates/admin/atrio/source/lighthr/pages/email/index9a11.html]
[www.radixtouch.com/templates/admin/atrio/source/lighthr/pages/departments/indexd4cd.html]
[www.radixtouch.com/templates/admin/atrio/source/lighthr/pages/email/index2a60.html]
[www.radixtouch.com/templates/admin/atrio/source/lighthr/pages/departments/index7dc1.html]
[www.radixtouch.com/templates/admin/atrio/source/lighthr/pages/email/index3dd6.html]
[www.radixtouch.com/templates/admin/atrio/source/lighthr/pages/email/indexd4cd.html]
[www.radixtouch.com/templates/admin/atrio/source/lighthr/pages/departments/index38f9.html]
[www.radixtouch.com/templates/admin/atrio/source/lighthr/pages/employee/index9a11.html]
[www.radixtouch.com/templates/admin/atrio/source/lighthr/pages/employee/index2a60.html]
[www.radixtouch.com/templates/admin/atrio/source/lighthr/pages/email/index7dc1.html]
[www.radixtouch.com/templates/admin/atrio/source/lighthr/pages/employee/index3dd6.html]
[www.radixtouch.com/templates/admin/atrio/source/lighthr/pages/email/index38f9.html]
[www.radixtouch.com/templates/admin/atrio/source/lighthr/pages/examples/index9a11.html]
[www.radixtouch.com/templates/admin/atrio/source/lighthr/pages/employee/indexd4cd.html]
[www.radixtouch.com/templates/admin/atrio/source/lighthr/pages/employee/index7dc1.html]
[www.radixtouch.com/templates/admin/atrio/source/lighthr/pages/examples/index2a60.html]
[www.radixtouch.com/templates/admin/atrio/source/lighthr/pages/examples/index3dd6.html]
[www.radixtouch.com/templates/admin/atrio/source/lighthr/pages/employee/index38f9.html]
[www.radixtouch.com/templates/admin/atrio/source/lighthr/pages/forms/index9a11.html]
[www.radixtouch.com/templates/admin/atrio/source/lighthr/pages/examples/indexd4cd.html]
[www.radixtouch.com/templates/admin/atrio/source/lighthr/pages/forms/index2a60.html]
[www.radixtouch.com/templates/admin/atrio/source/lighthr/pages/forms/indexd4cd.html]
[www.radixtouch.com/templates/admin/atrio/source/lighthr/pages/examples/index7dc1.html]
[www.radixtouch.com/templates/admin/atrio/source/lighthr/pages/examples/index38f9.html]
[www.radixtouch.com/templates/admin/atrio/source/lighthr/pages/forms/index3dd6.html]
[www.radixtouch.com/templates/admin/atrio/source/lighthr/pages/holiday/index9a11.html]
[www.radixtouch.com/templates/admin/atrio/source/lighthr/pages/holiday/index2a60.html]
[www.radixtouch.com/templates/admin/atrio/source/lighthr/pages/forms/index7dc1.html]
[www.radixtouch.com/templates/admin/atrio/source/lighthr/pages/holiday/index3dd6.html]
[www.radixtouch.com/templates/admin/atrio/source/lighthr/pages/forms/index38f9.html]
[www.radixtouch.com/templates/admin/atrio/source/lighthr/pages/holiday/index7dc1.html]
[www.radixtouch.com/templates/admin/atrio/source/lighthr/pages/holiday/indexd4cd.html]
[www.radixtouch.com/templates/admin/atrio/source/lighthr/pages/icons/index9a11.html]
[www.radixtouch.com/templates/admin/atrio/source/lighthr/pages/icons/index2a60.html]
[www.radixtouch.com/templates/admin/atrio/source/lighthr/pages/icons/index3dd6.html]
[www.radixtouch.com/templates/admin/atrio/source/lighthr/pages/holiday/index38f9.html]
[www.radixtouch.com/templates/admin/atrio/source/lighthr/pages/job/index9a11.html]
[www.radixtouch.com/templates/admin/atrio/source/lighthr/pages/icons/indexd4cd.html]
[www.radixtouch.com/templates/admin/atrio/source/lighthr/pages/icons/index38f9.html]
[www.radixtouch.com/templates/admin/atrio/source/lighthr/pages/icons/index7dc1.html]
[www.radixtouch.com/templates/admin/atrio/source/lighthr/pages/job/index2a60.html]
[www.radixtouch.com/templates/admin/atrio/source/lighthr/pages/job/index3dd6.html]
[www.radixtouch.com/templates/admin/atrio/source/lighthr/pages/leave/index9a11.html]
[www.radixtouch.com/templates/admin/atrio/source/lighthr/pages/job/indexd4cd.html]
[www.radixtouch.com/templates/admin/atrio/source/lighthr/pages/leave/index2a60.html]
[www.radixtouch.com/templates/admin/atrio/source/lighthr/pages/job/index38f9.html]
[www.radixtouch.com/templates/admin/atrio/source/lighthr/pages/job/index7dc1.html]
[www.radixtouch.com/templates/admin/atrio/source/lighthr/pages/leave/indexd4cd.html]
[www.radixtouch.com/templates/admin/atrio/source/lighthr/pages/leave/index3dd6.html]
[www.radixtouch.com/templates/admin/atrio/source/lighthr/pages/maps/index9a11.html]
[www.radixtouch.com/templates/admin/atrio/source/lighthr/pages/leave/index7dc1.html]
[www.radixtouch.com/templates/admin/atrio/source/lighthr/pages/maps/index2a60.html]
[www.radixtouch.com/templates/admin/atrio/source/lighthr/pages/maps/index3dd6.html]
[www.radixtouch.com/templates/admin/atrio/source/lighthr/pages/leave/index38f9.html]
[www.radixtouch.com/templates/admin/atrio/source/lighthr/pages/medias/index9a11.html]
[www.radixtouch.com/templates/admin/atrio/source/lighthr/pages/maps/indexd4cd.html]
[www.radixtouch.com/templates/admin/atrio/source/lighthr/pages/medias/index2a60.html]
[www.radixtouch.com/templates/admin/atrio/source/lighthr/pages/maps/index7dc1.html]
[www.radixtouch.com/templates/admin/atrio/source/lighthr/pages/medias/index3dd6.html]
[www.radixtouch.com/templates/admin/atrio/source/lighthr/pages/maps/index38f9.html]
[www.radixtouch.com/templates/admin/atrio/source/lighthr/pages/payroll/index9a11.html]
[www.radixtouch.com/templates/admin/atrio/source/lighthr/pages/medias/indexd4cd.html]
[www.radixtouch.com/templates/admin/atrio/source/lighthr/pages/payroll/index2a60.html]
[www.radixtouch.com/templates/admin/atrio/source/lighthr/pages/medias/index38f9.html]
[www.radixtouch.com/templates/admin/atrio/source/lighthr/pages/medias/index7dc1.html]
[www.radixtouch.com/templates/admin/atrio/source/lighthr/pages/payroll/index3dd6.html]
[www.radixtouch.com/templates/admin/atrio/source/lighthr/pages/projects/index9a11.html]
[www.radixtouch.com/templates/admin/atrio/source/lighthr/pages/payroll/indexd4cd.html]
[www.radixtouch.com/templates/admin/atrio/source/lighthr/pages/projects/index2a60.html]
[www.radixtouch.com/templates/admin/atrio/source/lighthr/pages/payroll/index7dc1.html]
[www.radixtouch.com/templates/admin/atrio/source/lighthr/pages/projects/index3dd6.html]
[www.radixtouch.com/templates/admin/atrio/source/lighthr/pages/projects/indexd4cd.html]
[www.radixtouch.com/templates/admin/atrio/source/lighthr/pages/payroll/index38f9.html]
[www.radixtouch.com/templates/admin/atrio/source/lighthr/pages/tables/index9a11.html]
[www.radixtouch.com/templates/admin/atrio/source/lighthr/pages/tables/index2a60.html]
[www.radixtouch.com/templates/admin/atrio/source/lighthr/pages/projects/index7dc1.html]
[www.radixtouch.com/templates/admin/atrio/source/lighthr/pages/tables/index3dd6.html]
[www.radixtouch.com/templates/admin/atrio/source/lighthr/pages/projects/index38f9.html]
[www.radixtouch.com/templates/admin/atrio/source/lighthr/pages/timeline/index9a11.html]
[www.radixtouch.com/templates/admin/atrio/source/lighthr/pages/tables/index7dc1.html]
[www.radixtouch.com/templates/admin/atrio/source/lighthr/pages/timeline/index2a60.html]
[www.radixtouch.com/templates/admin/atrio/source/lighthr/pages/tables/indexd4cd.html]
[www.radixtouch.com/templates/admin/atrio/source/lighthr/pages/tables/index38f9.html]
[www.radixtouch.com/templates/admin/atrio/source/lighthr/pages/timeline/index3dd6.html]
[www.radixtouch.com/templates/admin/atrio/source/lighthr/pages/ui/index9a11.html]
[www.radixtouch.com/templates/admin/atrio/source/lighthr/pages/timeline/indexd4cd.html]
[www.radixtouch.com/templates/admin/atrio/source/lighthr/pages/ui/index2a60.html]
[www.radixtouch.com/templates/admin/atrio/source/lighthr/pages/timeline/index7dc1.html]
[www.radixtouch.com/templates/admin/atrio/source/lighthr/pages/ui/index3dd6.html]
[www.radixtouch.com/templates/admin/atrio/source/lighthr/pages/ui/indexd4cd.html]
[www.radixtouch.com/templates/admin/atrio/source/lighthr/pages/timeline/index38f9.html]
[www.radixtouch.com/templates/admin/atrio/source/lighthr/pages/widgets/index9a11.html]
[www.radixtouch.com/templates/admin/atrio/source/lighthr/pages/widgets/index2a60.html]
[www.radixtouch.com/templates/admin/atrio/source/lighthr/pages/ui/index7dc1.html]
[www.radixtouch.com/templates/admin/atrio/source/lighthr/pages/widgets/index3dd6.html]
[www.radixtouch.com/templates/admin/atrio/source/lighthr/pages/ui/index38f9.html]
[www.radixtouch.com/templates/admin/atrio/source/lighthr/pages/accounts/indexd4cd.html]
[www.radixtouch.com/templates/admin/atrio/source/lighthr/pages/accounts/index7dc1.html]
[www.radixtouch.com/templates/admin/atrio/source/lighthr/pages/accounts/index38f9.html]
[www.radixtouch.com/templates/admin/atrio/source/lighthr/pages/apps/indexd4cd.html]
[www.radixtouch.com/templates/admin/atrio/source/lighthr/pages/apps/index7dc1.html]
[www.radixtouch.com/templates/admin/atrio/source/lighthr/pages/apps/index38f9.html]
[www.radixtouch.com/templates/admin/atrio/source/lighthr/pages/attendance/indexd4cd.html]
[www.radixtouch.com/templates/admin/atrio/source/lighthr/pages/attendance/index7dc1.html]
[www.radixtouch.com/templates/admin/atrio/source/lighthr/pages/attendance/index38f9.html]
[www.radixtouch.com/templates/admin/atrio/source/lighthr/pages/charts/indexd4cd.html]
[www.radixtouch.com/templates/admin/atrio/source/lighthr/pages/charts/index7dc1.html]
[www.radixtouch.com/templates/admin/atrio/source/lighthr/pages/charts/index38f9.html]
[www.radixtouch.com/templates/admin/atrio/source/lighthr/pages/clients/indexd4cd.html]
[www.radixtouch.com/templates/admin/atrio/source/lighthr/pages/clients/index7dc1.html]
[www.radixtouch.com/templates/admin/atrio/source/lighthr/pages/clients/index38f9.html]
[www.radixtouch.com/templates/admin/atrio/source/lighthr/pages/consultancy/indexd4cd.html]
[www.radixtouch.com/templates/admin/atrio/source/lighthr/pages/consultancy/index7dc1.html]
[www.radixtouch.com/templates/admin/atrio/source/lighthr/pages/consultancy/index38f9.html]
[www.radixtouch.com/templates/admin/atrio/source/lighthr/pages/dashboard/indexd4cd.html]
[www.radixtouch.com/templates/admin/atrio/source/lighthr/pages/dashboard/index7dc1.html]
[www.radixtouch.com/templates/admin/atrio/source/lighthr/pages/dashboard/index38f9.html]
[www.radixtouch.com/templates/admin/atrio/source/lighthr/pages/departments/indexd4cd.html]
[www.radixtouch.com/templates/admin/atrio/source/lighthr/pages/departments/index7dc1.html]
[www.radixtouch.com/templates/admin/atrio/source/lighthr/pages/departments/index38f9.html]
[www.radixtouch.com/templates/admin/atrio/source/lighthr/pages/email/indexd4cd.html]
[www.radixtouch.com/templates/admin/atrio/source/lighthr/pages/email/index7dc1.html]
[www.radixtouch.com/templates/admin/atrio/source/lighthr/pages/email/index38f9.html]
[www.radixtouch.com/templates/admin/atrio/source/lighthr/pages/employee/indexd4cd.html]
[www.radixtouch.com/templates/admin/atrio/source/lighthr/pages/employee/index7dc1.html]
[www.radixtouch.com/templates/admin/atrio/source/lighthr/pages/employee/index38f9.html]
[www.radixtouch.com/templates/admin/atrio/source/lighthr/pages/examples/indexd4cd.html]
[www.radixtouch.com/templates/admin/atrio/source/lighthr/pages/examples/index7dc1.html]
[www.radixtouch.com/templates/admin/atrio/source/lighthr/pages/examples/index38f9.html]
[www.radixtouch.com/templates/admin/atrio/source/lighthr/pages/forms/indexd4cd.html]
[www.radixtouch.com/templates/admin/atrio/source/lighthr/pages/forms/index7dc1.html]
[www.radixtouch.com/templates/admin/atrio/source/lighthr/pages/forms/index38f9.html]
[www.radixtouch.com/templates/admin/atrio/source/lighthr/pages/holiday/indexd4cd.html]
[www.radixtouch.com/templates/admin/atrio/source/lighthr/pages/holiday/index7dc1.html]
[www.radixtouch.com/templates/admin/atrio/source/lighthr/pages/holiday/index38f9.html]
[www.radixtouch.com/templates/admin/atrio/source/lighthr/pages/icons/indexd4cd.html]
[www.radixtouch.com/templates/admin/atrio/source/lighthr/pages/icons/index7dc1.html]
[www.radixtouch.com/templates/admin/atrio/source/lighthr/pages/icons/index38f9.html]
[www.radixtouch.com/templates/admin/atrio/source/lighthr/pages/job/indexd4cd.html]
[www.radixtouch.com/templates/admin/atrio/source/lighthr/pages/job/index7dc1.html]
[www.radixtouch.com/templates/admin/atrio/source/lighthr/pages/job/index38f9.html]
[www.radixtouch.com/templates/admin/atrio/source/lighthr/pages/leave/indexd4cd.html]
[www.radixtouch.com/templates/admin/atrio/source/lighthr/pages/leave/index7dc1.html]
[www.radixtouch.com/templates/admin/atrio/source/lighthr/pages/widgets/index7dc1.html]
[www.radixtouch.com/templates/admin/atrio/source/lighthr/pages/widgets/indexd4cd.html]
[www.radixtouch.com/templates/admin/atrio/source/lighthr/pages/leave/index38f9.html]
[www.radixtouch.com/templates/admin/atrio/source/lighthr/pages/maps/indexd4cd.html]
[www.radixtouch.com/templates/admin/atrio/source/lighthr/pages/maps/index7dc1.html]
[www.radixtouch.com/templates/admin/atrio/source/lighthr/pages/maps/index38f9.html]
[www.radixtouch.com/templates/admin/atrio/source/lighthr/pages/medias/indexd4cd.html]
[www.radixtouch.com/templates/admin/atrio/source/lighthr/pages/medias/index7dc1.html]
[www.radixtouch.com/templates/admin/atrio/source/lighthr/pages/medias/index38f9.html]
[www.radixtouch.com/templates/admin/atrio/source/lighthr/pages/payroll/indexd4cd.html]
[www.radixtouch.com/templates/admin/atrio/source/lighthr/pages/payroll/index7dc1.html]
[www.radixtouch.com/templates/admin/atrio/source/lighthr/pages/payroll/index38f9.html]
[www.radixtouch.com/templates/admin/atrio/source/lighthr/pages/projects/indexd4cd.html]
[www.radixtouch.com/templates/admin/atrio/source/lighthr/pages/projects/index7dc1.html]
[www.radixtouch.com/templates/admin/atrio/source/lighthr/pages/projects/index38f9.html]
[www.radixtouch.com/templates/admin/atrio/source/lighthr/pages/tables/indexd4cd.html]
[www.radixtouch.com/templates/admin/atrio/source/lighthr/pages/tables/index7dc1.html]
[www.radixtouch.com/templates/admin/atrio/source/lighthr/pages/tables/index38f9.html]
[www.radixtouch.com/templates/admin/atrio/source/lighthr/pages/timeline/indexd4cd.html]
[www.radixtouch.com/templates/admin/atrio/source/lighthr/pages/timeline/index7dc1.html]
[www.radixtouch.com/templates/admin/atrio/source/lighthr/pages/timeline/index38f9.html]
[www.radixtouch.com/templates/admin/atrio/source/lighthr/pages/ui/indexd4cd.html]
[www.radixtouch.com/templates/admin/atrio/source/lighthr/pages/ui/index7dc1.html]
[www.radixtouch.com/templates/admin/atrio/source/lighthr/pages/ui/index38f9.html]
[www.radixtouch.com/templates/admin/atrio/source/lighthr/pages/widgets/indexd4cd.html]
[www.radixtouch.com/templates/admin/atrio/source/lighthr/pages/widgets/index7dc1.html]
[www.radixtouch.com/templates/admin/atrio/source/lighthr/pages/widgets/index38f9.html]
[www.radixtouch.com/templates/admin/atrio/source/lighthr/pages/widgets/index38f9.html]
